Archive member included to satisfy reference by file (symbol)

/usr/lib/gcc/arm-none-eabi/11.2.0/../../../../arm-none-eabi/lib/thumb/v7e-m+fp/hard/libc.a(lib_a-atexit.o)
                              /usr/lib/gcc/arm-none-eabi/11.2.0/../../../../arm-none-eabi/lib/thumb/v7e-m+fp/hard/crt0.o (atexit)
/usr/lib/gcc/arm-none-eabi/11.2.0/../../../../arm-none-eabi/lib/thumb/v7e-m+fp/hard/libc.a(lib_a-calloc.o)
                              build/hashmap.o (calloc)
/usr/lib/gcc/arm-none-eabi/11.2.0/../../../../arm-none-eabi/lib/thumb/v7e-m+fp/hard/libc.a(lib_a-callocr.o)
                              /usr/lib/gcc/arm-none-eabi/11.2.0/../../../../arm-none-eabi/lib/thumb/v7e-m+fp/hard/libc.a(lib_a-calloc.o) (_calloc_r)
/usr/lib/gcc/arm-none-eabi/11.2.0/../../../../arm-none-eabi/lib/thumb/v7e-m+fp/hard/libc.a(lib_a-errno.o)
                              /usr/lib/gcc/arm-none-eabi/11.2.0/../../../../arm-none-eabi/lib/thumb/v7e-m+fp/hard/libc.a(lib_a-callocr.o) (__errno)
/usr/lib/gcc/arm-none-eabi/11.2.0/../../../../arm-none-eabi/lib/thumb/v7e-m+fp/hard/libc.a(lib_a-exit.o)
                              /usr/lib/gcc/arm-none-eabi/11.2.0/../../../../arm-none-eabi/lib/thumb/v7e-m+fp/hard/crt0.o (exit)
/usr/lib/gcc/arm-none-eabi/11.2.0/../../../../arm-none-eabi/lib/thumb/v7e-m+fp/hard/libc.a(lib_a-fini.o)
                              /usr/lib/gcc/arm-none-eabi/11.2.0/../../../../arm-none-eabi/lib/thumb/v7e-m+fp/hard/crt0.o (__libc_fini_array)
/usr/lib/gcc/arm-none-eabi/11.2.0/../../../../arm-none-eabi/lib/thumb/v7e-m+fp/hard/libc.a(lib_a-impure.o)
                              /usr/lib/gcc/arm-none-eabi/11.2.0/../../../../arm-none-eabi/lib/thumb/v7e-m+fp/hard/libc.a(lib_a-exit.o) (_global_impure_ptr)
/usr/lib/gcc/arm-none-eabi/11.2.0/../../../../arm-none-eabi/lib/thumb/v7e-m+fp/hard/libc.a(lib_a-init.o)
                              /usr/lib/gcc/arm-none-eabi/11.2.0/../../../../arm-none-eabi/lib/thumb/v7e-m+fp/hard/crt0.o (__libc_init_array)
/usr/lib/gcc/arm-none-eabi/11.2.0/../../../../arm-none-eabi/lib/thumb/v7e-m+fp/hard/libc.a(lib_a-malloc.o)
                              build/queue.o (malloc)
/usr/lib/gcc/arm-none-eabi/11.2.0/../../../../arm-none-eabi/lib/thumb/v7e-m+fp/hard/libc.a(lib_a-mallocr.o)
                              /usr/lib/gcc/arm-none-eabi/11.2.0/../../../../arm-none-eabi/lib/thumb/v7e-m+fp/hard/libc.a(lib_a-callocr.o) (_malloc_r)
/usr/lib/gcc/arm-none-eabi/11.2.0/../../../../arm-none-eabi/lib/thumb/v7e-m+fp/hard/libc.a(lib_a-memcpy.o)
                              build/sio.o (memcpy)
/usr/lib/gcc/arm-none-eabi/11.2.0/../../../../arm-none-eabi/lib/thumb/v7e-m+fp/hard/libc.a(lib_a-memset.o)
                              /usr/lib/gcc/arm-none-eabi/11.2.0/../../../../arm-none-eabi/lib/thumb/v7e-m+fp/hard/crt0.o (memset)
/usr/lib/gcc/arm-none-eabi/11.2.0/../../../../arm-none-eabi/lib/thumb/v7e-m+fp/hard/libc.a(lib_a-mlock.o)
                              /usr/lib/gcc/arm-none-eabi/11.2.0/../../../../arm-none-eabi/lib/thumb/v7e-m+fp/hard/libc.a(lib_a-mallocr.o) (__malloc_lock)
/usr/lib/gcc/arm-none-eabi/11.2.0/../../../../arm-none-eabi/lib/thumb/v7e-m+fp/hard/libc.a(lib_a-sbrkr.o)
                              /usr/lib/gcc/arm-none-eabi/11.2.0/../../../../arm-none-eabi/lib/thumb/v7e-m+fp/hard/libc.a(lib_a-mallocr.o) (_sbrk_r)
/usr/lib/gcc/arm-none-eabi/11.2.0/../../../../arm-none-eabi/lib/thumb/v7e-m+fp/hard/libc.a(lib_a-strcmp.o)
                              build/sio.o (strcmp)
/usr/lib/gcc/arm-none-eabi/11.2.0/../../../../arm-none-eabi/lib/thumb/v7e-m+fp/hard/libc.a(lib_a-strlen.o)
                              build/xbee.o (strlen)
/usr/lib/gcc/arm-none-eabi/11.2.0/../../../../arm-none-eabi/lib/thumb/v7e-m+fp/hard/libc.a(lib_a-__atexit.o)
                              /usr/lib/gcc/arm-none-eabi/11.2.0/../../../../arm-none-eabi/lib/thumb/v7e-m+fp/hard/libc.a(lib_a-atexit.o) (__register_exitproc)
/usr/lib/gcc/arm-none-eabi/11.2.0/../../../../arm-none-eabi/lib/thumb/v7e-m+fp/hard/libc.a(lib_a-__call_atexit.o)
                              /usr/lib/gcc/arm-none-eabi/11.2.0/../../../../arm-none-eabi/lib/thumb/v7e-m+fp/hard/libc.a(lib_a-exit.o) (__call_exitprocs)
/usr/lib/gcc/arm-none-eabi/11.2.0/../../../../arm-none-eabi/lib/thumb/v7e-m+fp/hard/libc.a(lib_a-freer.o)
                              /usr/lib/gcc/arm-none-eabi/11.2.0/../../../../arm-none-eabi/lib/thumb/v7e-m+fp/hard/libc.a(lib_a-malloc.o) (_free_r)
/usr/lib/gcc/arm-none-eabi/11.2.0/../../../../arm-none-eabi/lib/thumb/v7e-m+fp/hard/libc.a(lib_a-lock.o)
                              /usr/lib/gcc/arm-none-eabi/11.2.0/../../../../arm-none-eabi/lib/thumb/v7e-m+fp/hard/libc.a(lib_a-mlock.o) (__retarget_lock_acquire_recursive)
/usr/lib/gcc/arm-none-eabi/11.2.0/../../../../arm-none-eabi/lib/thumb/v7e-m+fp/hard/libc.a(lib_a-reent.o)
                              /usr/lib/gcc/arm-none-eabi/11.2.0/../../../../arm-none-eabi/lib/thumb/v7e-m+fp/hard/libc.a(lib_a-sbrkr.o) (errno)
[...]
Memory Configuration

Name             Origin             Length             Attributes
RAM              0x0000000020000000 0x0000000000028000 xrw
FLASH            0x0000000008000000 0x0000000000080000 xr
*default*        0x0000000000000000 0xffffffffffffffff

Linker script and memory map

LOAD /usr/lib/gcc/arm-none-eabi/11.2.0/thumb/v7e-m+fp/hard/crti.o
LOAD /usr/lib/gcc/arm-none-eabi/11.2.0/thumb/v7e-m+fp/hard/crtbegin.o
LOAD /usr/lib/gcc/arm-none-eabi/11.2.0/../../../../arm-none-eabi/lib/thumb/v7e-m+fp/hard/crt0.o
LOAD build/stm32l4xx_it.o
LOAD build/stm32l4xx_hal_msp.o
LOAD build/stm32l4xx_hal_tim.o
LOAD build/stm32l4xx_hal_tim_ex.o
LOAD build/stm32l4xx_hal_uart.o
LOAD build/stm32l4xx_hal_uart_ex.o
LOAD build/stm32l4xx_hal.o
LOAD build/stm32l4xx_hal_i2c.o
LOAD build/stm32l4xx_hal_i2c_ex.o
LOAD build/stm32l4xx_hal_rcc.o
LOAD build/stm32l4xx_hal_rcc_ex.o
LOAD build/stm32l4xx_hal_flash.o
LOAD build/stm32l4xx_hal_flash_ex.o
LOAD build/stm32l4xx_hal_flash_ramfunc.o
LOAD build/stm32l4xx_hal_gpio.o
LOAD build/stm32l4xx_hal_dma.o
LOAD build/stm32l4xx_hal_dma_ex.o
LOAD build/stm32l4xx_hal_pwr.o
LOAD build/stm32l4xx_hal_pwr_ex.o
LOAD build/stm32l4xx_hal_cortex.o
LOAD build/stm32l4xx_hal_exti.o
LOAD build/system_stm32l4xx.o
LOAD build/gpio.o
LOAD build/usart.o
LOAD build/tim.o
LOAD build/queue.o
LOAD build/ringbuff.o
LOAD build/sio.o
LOAD build/ts.o
LOAD build/watchdog.o
LOAD build/udp.o
LOAD build/net.o
LOAD build/hashmap.o
LOAD build/gcmd.o
LOAD build/spinlock.o
LOAD build/xbee.o
LOAD build/main.o
LOAD build/init.o
LOAD build/startup_stm32l452xx.o
LOAD /usr/lib/gcc/arm-none-eabi/11.2.0/../../../../arm-none-eabi/lib/thumb/v7e-m+fp/hard/libc.a
LOAD /usr/lib/gcc/arm-none-eabi/11.2.0/../../../../arm-none-eabi/lib/thumb/v7e-m+fp/hard/libm.a
START GROUP
LOAD /usr/lib/gcc/arm-none-eabi/11.2.0/thumb/v7e-m+fp/hard/libgcc.a
LOAD /usr/lib/gcc/arm-none-eabi/11.2.0/../../../../arm-none-eabi/lib/thumb/v7e-m+fp/hard/libc.a
END GROUP
START GROUP
LOAD /usr/lib/gcc/arm-none-eabi/11.2.0/thumb/v7e-m+fp/hard/libgcc.a
LOAD /usr/lib/gcc/arm-none-eabi/11.2.0/../../../../arm-none-eabi/lib/thumb/v7e-m+fp/hard/libc.a
LOAD /usr/lib/gcc/arm-none-eabi/11.2.0/../../../../arm-none-eabi/lib/thumb/v7e-m+fp/hard/libnosys.a
END GROUP
LOAD /usr/lib/gcc/arm-none-eabi/11.2.0/thumb/v7e-m+fp/hard/crtend.o
LOAD /usr/lib/gcc/arm-none-eabi/11.2.0/thumb/v7e-m+fp/hard/crtn.o
                0x0000000020028000                _estack = 0x20028000
                0x0000000000000200                _Min_Heap_Size = 0x200
                0x0000000000000400                _Min_Stack_Size = 0x400

.isr_vector     0x0000000008000000      0x198
                0x0000000008000000                . = ALIGN (0x8)
 *(.isr_vector)
 .isr_vector    0x0000000008000000      0x194 build/startup_stm32l452xx.o
                0x0000000008000000                g_pfnVectors
                0x0000000008000198                . = ALIGN (0x8)
 *fill*         0x0000000008000194        0x4 

.text           0x0000000008000198     0x34f0
                0x0000000008000198                . = ALIGN (0x8)
 *(.text)
 .text          0x0000000008000198      0x134 /usr/lib/gcc/arm-none-eabi/11.2.0/../../../../arm-none-eabi/lib/thumb/v7e-m+fp/hard/libc.a(lib_a-memcpy.o)
                0x0000000008000198                memcpy
 .text          0x00000000080002cc       0x30 /usr/lib/gcc/arm-none-eabi/11.2.0/thumb/v7e-m+fp/hard/libgcc.a(_aeabi_uldivmod.o)
                0x00000000080002cc                __aeabi_uldivmod
 .text          0x00000000080002fc      0x1ac /usr/lib/gcc/arm-none-eabi/11.2.0/thumb/v7e-m+fp/hard/libgcc.a(libunwind.o)
                0x00000000080002fc                __restore_core_regs
                0x00000000080002fc                restore_core_regs
                0x0000000008000314                __gnu_Unwind_Restore_VFP
                0x000000000800031c                __gnu_Unwind_Save_VFP
                0x0000000008000324                __gnu_Unwind_Restore_VFP_D
                0x000000000800032c                __gnu_Unwind_Save_VFP_D
                0x0000000008000334                __gnu_Unwind_Restore_VFP_D_16_to_31
                0x000000000800033c                __gnu_Unwind_Save_VFP_D_16_to_31
                0x0000000008000344                __gnu_Unwind_Restore_WMMXD
                0x0000000008000388                __gnu_Unwind_Save_WMMXD
                0x00000000080003cc                __gnu_Unwind_Restore_WMMXC
                0x00000000080003e0                __gnu_Unwind_Save_WMMXC
                0x00000000080003f4                ___Unwind_RaiseException
                0x00000000080003f4                _Unwind_RaiseException
                0x0000000008000418                ___Unwind_Resume
                0x0000000008000418                _Unwind_Resume
                0x000000000800043c                _Unwind_Resume_or_Rethrow
                0x000000000800043c                ___Unwind_Resume_or_Rethrow
                0x0000000008000460                ___Unwind_ForcedUnwind
                0x0000000008000460                _Unwind_ForcedUnwind
                0x0000000008000484                _Unwind_Backtrace
                0x0000000008000484                ___Unwind_Backtrace
 .text          0x00000000080004a8        0x4 /usr/lib/gcc/arm-none-eabi/11.2.0/thumb/v7e-m+fp/hard/libgcc.a(_dvmd_tls.o)
                0x00000000080004a8                __aeabi_ldiv0
                0x00000000080004a8                __aeabi_idiv0
 *(.text*)
 .text.__do_global_dtors_aux
                0x00000000080004ac       0x24 /usr/lib/gcc/arm-none-eabi/11.2.0/thumb/v7e-m+fp/hard/crtbegin.o
 .text.frame_dummy
                0x00000000080004d0       0x1c /usr/lib/gcc/arm-none-eabi/11.2.0/thumb/v7e-m+fp/hard/crtbegin.o
 .text.NMI_Handler
                0x00000000080004ec        0x2 build/stm32l4xx_it.o
                0x00000000080004ec                NMI_Handler
 .text.HardFault_Handler
                0x00000000080004ee        0x2 build/stm32l4xx_it.o
                0x00000000080004ee                HardFault_Handler
 .text.MemManage_Handler
                0x00000000080004f0        0x2 build/stm32l4xx_it.o
                0x00000000080004f0                MemManage_Handler
 .text.BusFault_Handler
                0x00000000080004f2        0x2 build/stm32l4xx_it.o
                0x00000000080004f2                BusFault_Handler
 .text.UsageFault_Handler
                0x00000000080004f4        0x2 build/stm32l4xx_it.o
                0x00000000080004f4                UsageFault_Handler
 .text.SVC_Handler
                0x00000000080004f6        0x2 build/stm32l4xx_it.o
                0x00000000080004f6                SVC_Handler
 .text.DebugMon_Handler
                0x00000000080004f8        0x2 build/stm32l4xx_it.o
                0x00000000080004f8                DebugMon_Handler
 .text.PendSV_Handler
                0x00000000080004fa        0x2 build/stm32l4xx_it.o
                0x00000000080004fa                PendSV_Handler
 .text.SysTick_Handler
                0x00000000080004fc        0x8 build/stm32l4xx_it.o
                0x00000000080004fc                SysTick_Handler
 .text.TIM2_IRQHandler
                0x0000000008000504       0x10 build/stm32l4xx_it.o
                0x0000000008000504                TIM2_IRQHandler
 .text.HAL_MspInit
                0x0000000008000514       0x30 build/stm32l4xx_hal_msp.o
                0x0000000008000514                HAL_MspInit
 .text.TIM_TI1_ConfigInputStage
                0x0000000008000544       0x26 build/stm32l4xx_hal_tim.o
 .text.TIM_TI2_ConfigInputStage
                0x000000000800056a       0x28 build/stm32l4xx_hal_tim.o
 .text.TIM_ITRx_SetConfig
                0x0000000008000592       0x10 build/stm32l4xx_hal_tim.o
 .text.HAL_TIM_OC_DelayElapsedCallback
                0x00000000080005a2        0x2 build/stm32l4xx_hal_tim.o
                0x00000000080005a2                HAL_TIM_OC_DelayElapsedCallback
 .text.HAL_TIM_IC_CaptureCallback
                0x00000000080005a4        0x2 build/stm32l4xx_hal_tim.o
                0x00000000080005a4                HAL_TIM_IC_CaptureCallback
 .text.HAL_TIM_PWM_PulseFinishedCallback
                0x00000000080005a6        0x2 build/stm32l4xx_hal_tim.o
                0x00000000080005a6                HAL_TIM_PWM_PulseFinishedCallback
 .text.HAL_TIM_TriggerCallback
                0x00000000080005a8        0x2 build/stm32l4xx_hal_tim.o
                0x00000000080005a8                HAL_TIM_TriggerCallback
 .text.HAL_TIM_IRQHandler
                0x00000000080005aa      0x19a build/stm32l4xx_hal_tim.o
                0x00000000080005aa                HAL_TIM_IRQHandler
 .text.TIM_Base_SetConfig
                0x0000000008000744       0x80 build/stm32l4xx_hal_tim.o
                0x0000000008000744                TIM_Base_SetConfig
 .text.HAL_TIM_Base_Init
                0x00000000080007c4       0x60 build/stm32l4xx_hal_tim.o
                0x00000000080007c4                HAL_TIM_Base_Init
 .text.TIM_ETR_SetConfig
                0x0000000008000824       0x1a build/stm32l4xx_hal_tim.o
                0x0000000008000824                TIM_ETR_SetConfig
 *fill*         0x000000000800083e        0x2 
 .text.HAL_TIM_ConfigClockSource
                0x0000000008000840       0xdc build/stm32l4xx_hal_tim.o
                0x0000000008000840                HAL_TIM_ConfigClockSource
 .text.HAL_TIMEx_MasterConfigSynchronization
                0x000000000800091c       0x78 build/stm32l4xx_hal_tim_ex.o
                0x000000000800091c                HAL_TIMEx_MasterConfigSynchronization
 .text.HAL_TIMEx_CommutCallback
                0x0000000008000994        0x2 build/stm32l4xx_hal_tim_ex.o
                0x0000000008000994                HAL_TIMEx_CommutCallback
 .text.HAL_TIMEx_BreakCallback
                0x0000000008000996        0x2 build/stm32l4xx_hal_tim_ex.o
                0x0000000008000996                HAL_TIMEx_BreakCallback
 .text.HAL_TIMEx_Break2Callback
                0x0000000008000998        0x2 build/stm32l4xx_hal_tim_ex.o
                0x0000000008000998                HAL_TIMEx_Break2Callback
 *fill*         0x000000000800099a        0x2 
 .text.UART_SetConfig
                0x000000000800099c      0x2e0 build/stm32l4xx_hal_uart.o
                0x000000000800099c                UART_SetConfig
 .text.UART_AdvFeatureConfig
                0x0000000008000c7c       0xca build/stm32l4xx_hal_uart.o
                0x0000000008000c7c                UART_AdvFeatureConfig
 .text.UART_WaitOnFlagUntilTimeout
                0x0000000008000d46       0xa2 build/stm32l4xx_hal_uart.o
                0x0000000008000d46                UART_WaitOnFlagUntilTimeout
 .text.UART_CheckIdleState
                0x0000000008000de8       0x6c build/stm32l4xx_hal_uart.o
                0x0000000008000de8                UART_CheckIdleState
 .text.HAL_UART_Init
                0x0000000008000e54       0x62 build/stm32l4xx_hal_uart.o
                0x0000000008000e54                HAL_UART_Init
 *fill*         0x0000000008000eb6        0x2 
 .text.HAL_InitTick
                0x0000000008000eb8       0x50 build/stm32l4xx_hal.o
                0x0000000008000eb8                HAL_InitTick
 .text.HAL_Init
                0x0000000008000f08       0x2c build/stm32l4xx_hal.o
                0x0000000008000f08                HAL_Init
 .text.HAL_IncTick
                0x0000000008000f34       0x18 build/stm32l4xx_hal.o
                0x0000000008000f34                HAL_IncTick
 .text.HAL_GetTick
                0x0000000008000f4c        0xc build/stm32l4xx_hal.o
                0x0000000008000f4c                HAL_GetTick
 .text.RCC_SetFlashLatencyFromMSIRange
                0x0000000008000f58       0x90 build/stm32l4xx_hal_rcc.o
 .text.HAL_RCC_GetSysClockFreq
                0x0000000008000fe8       0xb4 build/stm32l4xx_hal_rcc.o
                0x0000000008000fe8                HAL_RCC_GetSysClockFreq
 .text.HAL_RCC_OscConfig
                0x000000000800109c      0x680 build/stm32l4xx_hal_rcc.o
                0x000000000800109c                HAL_RCC_OscConfig
 .text.HAL_RCC_ClockConfig
                0x000000000800171c      0x15c build/stm32l4xx_hal_rcc.o
                0x000000000800171c                HAL_RCC_ClockConfig
 .text.HAL_RCC_GetHCLKFreq
                0x0000000008001878        0xc build/stm32l4xx_hal_rcc.o
                0x0000000008001878                HAL_RCC_GetHCLKFreq
 .text.HAL_RCC_GetPCLK1Freq
                0x0000000008001884       0x24 build/stm32l4xx_hal_rcc.o
                0x0000000008001884                HAL_RCC_GetPCLK1Freq
 .text.HAL_RCC_GetPCLK2Freq
                0x00000000080018a8       0x24 build/stm32l4xx_hal_rcc.o
                0x00000000080018a8                HAL_RCC_GetPCLK2Freq
 .text.RCCEx_PLLSAI1_Config
                0x00000000080018cc      0x16c build/stm32l4xx_hal_rcc_ex.o
 .text.HAL_RCCEx_PeriphCLKConfig
                0x0000000008001a38      0x398 build/stm32l4xx_hal_rcc_ex.o
                0x0000000008001a38                HAL_RCCEx_PeriphCLKConfig
 .text.HAL_GPIO_Init
                0x0000000008001dd0      0x1a4 build/stm32l4xx_hal_gpio.o
                0x0000000008001dd0                HAL_GPIO_Init
 .text.HAL_GPIO_WritePin
                0x0000000008001f74        0xa build/stm32l4xx_hal_gpio.o
                0x0000000008001f74                HAL_GPIO_WritePin
 *fill*         0x0000000008001f7e        0x2 
 .text.HAL_PWREx_GetVoltageRange
                0x0000000008001f80       0x10 build/stm32l4xx_hal_pwr_ex.o
                0x0000000008001f80                HAL_PWREx_GetVoltageRange
 .text.HAL_PWREx_ControlVoltageScaling
                0x0000000008001f90       0x90 build/stm32l4xx_hal_pwr_ex.o
                0x0000000008001f90                HAL_PWREx_ControlVoltageScaling
 .text.HAL_NVIC_SetPriorityGrouping
                0x0000000008002020       0x24 build/stm32l4xx_hal_cortex.o
                0x0000000008002020                HAL_NVIC_SetPriorityGrouping
 .text.HAL_NVIC_SetPriority
                0x0000000008002044       0x70 build/stm32l4xx_hal_cortex.o
                0x0000000008002044                HAL_NVIC_SetPriority
 .text.HAL_NVIC_EnableIRQ
                0x00000000080020b4       0x1c build/stm32l4xx_hal_cortex.o
                0x00000000080020b4                HAL_NVIC_EnableIRQ
 .text.HAL_SYSTICK_Config
                0x00000000080020d0       0x28 build/stm32l4xx_hal_cortex.o
                0x00000000080020d0                HAL_SYSTICK_Config
 .text.SystemInit
                0x00000000080020f8       0x48 build/system_stm32l4xx.o
                0x00000000080020f8                SystemInit
 .text.MX_GPIO_Init
                0x0000000008002140       0xa0 build/gpio.o
                0x0000000008002140                MX_GPIO_Init
 .text.MX_USART1_UART_Init
                0x00000000080021e0       0x38 build/usart.o
                0x00000000080021e0                MX_USART1_UART_Init
 .text.MX_USART2_UART_Init
                0x0000000008002218       0x38 build/usart.o
                0x0000000008002218                MX_USART2_UART_Init
 .text.MX_USART3_UART_Init
                0x0000000008002250       0x38 build/usart.o
                0x0000000008002250                MX_USART3_UART_Init
 .text.HAL_UART_MspInit
                0x0000000008002288      0x104 build/usart.o
                0x0000000008002288                HAL_UART_MspInit
 .text.MX_TIM2_Init
                0x000000000800238c       0x70 build/tim.o
                0x000000000800238c                MX_TIM2_Init
 .text.HAL_TIM_Base_MspInit
                0x00000000080023fc       0x3a build/tim.o
                0x00000000080023fc                HAL_TIM_Base_MspInit
 *fill*         0x0000000008002436        0x2 
 .text.ts_add   0x0000000008002438       0x34 build/ts.o
                0x0000000008002438                ts_add
 .text.ts_schedule
                0x000000000800246c       0x9c build/ts.o
                0x000000000800246c                ts_schedule
 .text.HAL_TIM_PeriodElapsedCallback
                0x0000000008002508       0x28 build/watchdog.o
                0x0000000008002508                HAL_TIM_PeriodElapsedCallback
 .text._Z18SystemClock_Configv
                0x0000000008002530       0x7c build/main.o
                0x0000000008002530                SystemClock_Config()
 .text.main     0x00000000080025ac       0x24 build/main.o
                0x00000000080025ac                main
 .text.Error_Handler
                0x00000000080025d0        0x2 build/main.o
                0x00000000080025d0                Error_Handler
 .text.ts_systime
                0x00000000080025d2        0x8 build/init.o
                0x00000000080025d2                ts_systime
 .text._Z4initv
                0x00000000080025da       0x1c build/init.o
                0x00000000080025da                init()
 *fill*         0x00000000080025f6        0x2 
 .text.Reset_Handler
                0x00000000080025f8       0x50 build/startup_stm32l452xx.o
                0x00000000080025f8                Reset_Handler
 .text.Default_Handler
                0x0000000008002648        0x2 build/startup_stm32l452xx.o
                0x0000000008002648                RTC_Alarm_IRQHandler
                0x0000000008002648                EXTI2_IRQHandler
                0x0000000008002648                TIM1_CC_IRQHandler
                0x0000000008002648                TSC_IRQHandler
                0x0000000008002648                TAMP_STAMP_IRQHandler
                0x0000000008002648                EXTI3_IRQHandler
                0x0000000008002648                LPTIM2_IRQHandler
                0x0000000008002648                DFSDM1_FLT1_IRQHandler
                0x0000000008002648                I2C3_ER_IRQHandler
                0x0000000008002648                EXTI0_IRQHandler
                0x0000000008002648                I2C2_EV_IRQHandler
                0x0000000008002648                CAN1_RX0_IRQHandler
                0x0000000008002648                FPU_IRQHandler
                0x0000000008002648                TIM1_UP_TIM16_IRQHandler
                0x0000000008002648                SPI1_IRQHandler
                0x0000000008002648                TIM6_DAC_IRQHandler
                0x0000000008002648                DMA2_Channel2_IRQHandler
                0x0000000008002648                DMA1_Channel4_IRQHandler
                0x0000000008002648                ADC1_IRQHandler
                0x0000000008002648                USART3_IRQHandler
                0x0000000008002648                DMA1_Channel7_IRQHandler
                0x0000000008002648                CAN1_RX1_IRQHandler
                0x0000000008002648                DMA2_Channel1_IRQHandler
                0x0000000008002648                QUADSPI_IRQHandler
                0x0000000008002648                I2C1_EV_IRQHandler
                0x0000000008002648                DMA1_Channel6_IRQHandler
                0x0000000008002648                UART4_IRQHandler
                0x0000000008002648                DMA2_Channel4_IRQHandler
                0x0000000008002648                TIM3_IRQHandler
                0x0000000008002648                RCC_IRQHandler
                0x0000000008002648                TIM1_TRG_COM_IRQHandler
                0x0000000008002648                DMA1_Channel1_IRQHandler
                0x0000000008002648                Default_Handler
                0x0000000008002648                DMA2_Channel7_IRQHandler
                0x0000000008002648                EXTI15_10_IRQHandler
                0x0000000008002648                SDMMC1_IRQHandler
                0x0000000008002648                I2C3_EV_IRQHandler
                0x0000000008002648                USB_IRQHandler
                0x0000000008002648                EXTI9_5_IRQHandler
                0x0000000008002648                RTC_WKUP_IRQHandler
                0x0000000008002648                PVD_PVM_IRQHandler
                0x0000000008002648                SPI2_IRQHandler
                0x0000000008002648                CAN1_TX_IRQHandler
                0x0000000008002648                DMA2_Channel5_IRQHandler
                0x0000000008002648                CRS_IRQHandler
                0x0000000008002648                DMA1_Channel5_IRQHandler
                0x0000000008002648                EXTI4_IRQHandler
                0x0000000008002648                RNG_IRQHandler
                0x0000000008002648                DMA1_Channel3_IRQHandler
                0x0000000008002648                COMP_IRQHandler
                0x0000000008002648                WWDG_IRQHandler
                0x0000000008002648                I2C4_EV_IRQHandler
                0x0000000008002648                LPUART1_IRQHandler
                0x0000000008002648                DMA2_Channel6_IRQHandler
                0x0000000008002648                EXTI1_IRQHandler
                0x0000000008002648                USART2_IRQHandler
                0x0000000008002648                DFSDM1_FLT0_IRQHandler
                0x0000000008002648                I2C2_ER_IRQHandler
                0x0000000008002648                DMA1_Channel2_IRQHandler
                0x0000000008002648                CAN1_SCE_IRQHandler
                0x0000000008002648                FLASH_IRQHandler
                0x0000000008002648                USART1_IRQHandler
                0x0000000008002648                SPI3_IRQHandler
                0x0000000008002648                I2C1_ER_IRQHandler
                0x0000000008002648                LPTIM1_IRQHandler
                0x0000000008002648                I2C4_ER_IRQHandler
                0x0000000008002648                SAI1_IRQHandler
                0x0000000008002648                DMA2_Channel3_IRQHandler
                0x0000000008002648                TIM1_BRK_TIM15_IRQHandler
 *fill*         0x000000000800264a        0x2 
 .text.atexit   0x000000000800264c        0xc /usr/lib/gcc/arm-none-eabi/11.2.0/../../../../arm-none-eabi/lib/thumb/v7e-m+fp/hard/libc.a(lib_a-atexit.o)
                0x000000000800264c                atexit
 .text.__libc_fini_array
                0x0000000008002658       0x2c /usr/lib/gcc/arm-none-eabi/11.2.0/../../../../arm-none-eabi/lib/thumb/v7e-m+fp/hard/libc.a(lib_a-fini.o)
                0x0000000008002658                __libc_fini_array
 .text.__libc_init_array
                0x0000000008002684       0x48 /usr/lib/gcc/arm-none-eabi/11.2.0/../../../../arm-none-eabi/lib/thumb/v7e-m+fp/hard/libc.a(lib_a-init.o)
                0x0000000008002684                __libc_init_array
 .text.memset   0x00000000080026cc       0xa4 /usr/lib/gcc/arm-none-eabi/11.2.0/../../../../arm-none-eabi/lib/thumb/v7e-m+fp/hard/libc.a(lib_a-memset.o)
                0x00000000080026cc                memset
 .text.__register_exitproc
                0x0000000008002770       0x84 /usr/lib/gcc/arm-none-eabi/11.2.0/../../../../arm-none-eabi/lib/thumb/v7e-m+fp/hard/libc.a(lib_a-__atexit.o)
                0x0000000008002770                __register_exitproc
 .text.startup.register_fini
                0x00000000080027f4       0x14 /usr/lib/gcc/arm-none-eabi/11.2.0/../../../../arm-none-eabi/lib/thumb/v7e-m+fp/hard/libc.a(lib_a-__call_atexit.o)
 .text.__retarget_lock_acquire_recursive
                0x0000000008002808        0x4 /usr/lib/gcc/arm-none-eabi/11.2.0/../../../../arm-none-eabi/lib/thumb/v7e-m+fp/hard/libc.a(lib_a-lock.o)
                0x0000000008002808                __retarget_lock_acquire_recursive
 .text.__retarget_lock_release_recursive
                0x000000000800280c        0x4 /usr/lib/gcc/arm-none-eabi/11.2.0/../../../../arm-none-eabi/lib/thumb/v7e-m+fp/hard/libc.a(lib_a-lock.o)
                0x000000000800280c                __retarget_lock_release_recursive
 .text.__udivmoddi4
                0x0000000008002810      0x27a /usr/lib/gcc/arm-none-eabi/11.2.0/thumb/v7e-m+fp/hard/libgcc.a(_udivmoddi4.o)
                0x0000000008002810                __udivmoddi4
 .text.selfrel_offset31
                0x0000000008002a8a       0x12 /usr/lib/gcc/arm-none-eabi/11.2.0/thumb/v7e-m+fp/hard/libgcc.a(unwind-arm.o)
 .text.search_EIT_table
                0x0000000008002a9c       0x60 /usr/lib/gcc/arm-none-eabi/11.2.0/thumb/v7e-m+fp/hard/libgcc.a(unwind-arm.o)
 .text.__gnu_unwind_get_pr_addr
                0x0000000008002afc       0x28 /usr/lib/gcc/arm-none-eabi/11.2.0/thumb/v7e-m+fp/hard/libgcc.a(unwind-arm.o)
 .text.get_eit_entry
                0x0000000008002b24       0x8c /usr/lib/gcc/arm-none-eabi/11.2.0/thumb/v7e-m+fp/hard/libgcc.a(unwind-arm.o)
 .text.restore_non_core_regs
                0x0000000008002bb0       0x4c /usr/lib/gcc/arm-none-eabi/11.2.0/thumb/v7e-m+fp/hard/libgcc.a(unwind-arm.o)
 .text._Unwind_decode_typeinfo_ptr.constprop.0
                0x0000000008002bfc        0xa /usr/lib/gcc/arm-none-eabi/11.2.0/thumb/v7e-m+fp/hard/libgcc.a(unwind-arm.o)
 .text._Unwind_DebugHook
                0x0000000008002c06        0x2 /usr/lib/gcc/arm-none-eabi/11.2.0/thumb/v7e-m+fp/hard/libgcc.a(unwind-arm.o)
 .text.unwind_phase2
                0x0000000008002c08       0x3a /usr/lib/gcc/arm-none-eabi/11.2.0/thumb/v7e-m+fp/hard/libgcc.a(unwind-arm.o)
 .text.unwind_phase2_forced
                0x0000000008002c42       0xba /usr/lib/gcc/arm-none-eabi/11.2.0/thumb/v7e-m+fp/hard/libgcc.a(unwind-arm.o)
 .text.__gnu_Unwind_RaiseException
                0x0000000008002cfc       0x5a /usr/lib/gcc/arm-none-eabi/11.2.0/thumb/v7e-m+fp/hard/libgcc.a(unwind-arm.o)
                0x0000000008002cfc                __gnu_Unwind_RaiseException
 .text.__gnu_Unwind_ForcedUnwind
                0x0000000008002d56       0x14 /usr/lib/gcc/arm-none-eabi/11.2.0/thumb/v7e-m+fp/hard/libgcc.a(unwind-arm.o)
                0x0000000008002d56                __gnu_Unwind_ForcedUnwind
 .text.__gnu_Unwind_Resume
                0x0000000008002d6a       0x40 /usr/lib/gcc/arm-none-eabi/11.2.0/thumb/v7e-m+fp/hard/libgcc.a(unwind-arm.o)
                0x0000000008002d6a                __gnu_Unwind_Resume
 .text.__gnu_Unwind_Resume_or_Rethrow
                0x0000000008002daa       0x12 /usr/lib/gcc/arm-none-eabi/11.2.0/thumb/v7e-m+fp/hard/libgcc.a(unwind-arm.o)
                0x0000000008002daa                __gnu_Unwind_Resume_or_Rethrow
 .text._Unwind_VRS_Get
                0x0000000008002dbc       0x30 /usr/lib/gcc/arm-none-eabi/11.2.0/thumb/v7e-m+fp/hard/libgcc.a(unwind-arm.o)
                0x0000000008002dbc                _Unwind_VRS_Get
 .text._Unwind_GetGR
                0x0000000008002dec       0x18 /usr/lib/gcc/arm-none-eabi/11.2.0/thumb/v7e-m+fp/hard/libgcc.a(unwind-arm.o)
 .text._Unwind_VRS_Set
                0x0000000008002e04       0x30 /usr/lib/gcc/arm-none-eabi/11.2.0/thumb/v7e-m+fp/hard/libgcc.a(unwind-arm.o)
                0x0000000008002e04                _Unwind_VRS_Set
 .text._Unwind_SetGR
                0x0000000008002e34       0x18 /usr/lib/gcc/arm-none-eabi/11.2.0/thumb/v7e-m+fp/hard/libgcc.a(unwind-arm.o)
 .text.__gnu_Unwind_Backtrace
                0x0000000008002e4c       0x6c /usr/lib/gcc/arm-none-eabi/11.2.0/thumb/v7e-m+fp/hard/libgcc.a(unwind-arm.o)
                0x0000000008002e4c                __gnu_Unwind_Backtrace
 .text.__gnu_unwind_pr_common
                0x0000000008002eb8      0x240 /usr/lib/gcc/arm-none-eabi/11.2.0/thumb/v7e-m+fp/hard/libgcc.a(unwind-arm.o)
 .text.__aeabi_unwind_cpp_pr0
                0x00000000080030f8        0x6 /usr/lib/gcc/arm-none-eabi/11.2.0/thumb/v7e-m+fp/hard/libgcc.a(unwind-arm.o)
                0x00000000080030f8                __aeabi_unwind_cpp_pr0
 .text.__aeabi_unwind_cpp_pr1
                0x00000000080030fe        0x6 /usr/lib/gcc/arm-none-eabi/11.2.0/thumb/v7e-m+fp/hard/libgcc.a(unwind-arm.o)
                0x00000000080030fe                __aeabi_unwind_cpp_pr1
 .text.__aeabi_unwind_cpp_pr2
                0x0000000008003104        0x6 /usr/lib/gcc/arm-none-eabi/11.2.0/thumb/v7e-m+fp/hard/libgcc.a(unwind-arm.o)
                0x0000000008003104                __aeabi_unwind_cpp_pr2
 .text._Unwind_VRS_Pop
                0x000000000800310a      0x232 /usr/lib/gcc/arm-none-eabi/11.2.0/thumb/v7e-m+fp/hard/libgcc.a(unwind-arm.o)
                0x000000000800310a                _Unwind_VRS_Pop
 .text.next_unwind_byte
                0x000000000800333c       0x30 /usr/lib/gcc/arm-none-eabi/11.2.0/thumb/v7e-m+fp/hard/libgcc.a(pr-support.o)
 .text.__gnu_unwind_execute
                0x000000000800336c      0x240 /usr/lib/gcc/arm-none-eabi/11.2.0/thumb/v7e-m+fp/hard/libgcc.a(pr-support.o)
                0x000000000800336c                __gnu_unwind_execute
 .text.abort    0x00000000080035ac       0x10 /usr/lib/gcc/arm-none-eabi/11.2.0/../../../../arm-none-eabi/lib/thumb/v7e-m+fp/hard/libc.a(lib_a-abort.o)
                0x00000000080035ac                abort
 .text.raise    0x00000000080035bc       0x5c /usr/lib/gcc/arm-none-eabi/11.2.0/../../../../arm-none-eabi/lib/thumb/v7e-m+fp/hard/libc.a(lib_a-signal.o)
                0x00000000080035bc                raise
 .text._kill_r  0x0000000008003618       0x2c /usr/lib/gcc/arm-none-eabi/11.2.0/../../../../arm-none-eabi/lib/thumb/v7e-m+fp/hard/libc.a(lib_a-signalr.o)
                0x0000000008003618                _kill_r
 .text._getpid_r
                0x0000000008003644        0x4 /usr/lib/gcc/arm-none-eabi/11.2.0/../../../../arm-none-eabi/lib/thumb/v7e-m+fp/hard/libc.a(lib_a-signalr.o)
                0x0000000008003644                _getpid_r
 .text._getpid  0x0000000008003648       0x10 /usr/lib/gcc/arm-none-eabi/11.2.0/../../../../arm-none-eabi/lib/thumb/v7e-m+fp/hard/libnosys.a(getpid.o)
                0x0000000008003648                _getpid
 .text._kill    0x0000000008003658       0x10 /usr/lib/gcc/arm-none-eabi/11.2.0/../../../../arm-none-eabi/lib/thumb/v7e-m+fp/hard/libnosys.a(kill.o)
                0x0000000008003658                _kill
 .text._exit    0x0000000008003668        0x4 /usr/lib/gcc/arm-none-eabi/11.2.0/../../../../arm-none-eabi/lib/thumb/v7e-m+fp/hard/libnosys.a(_exit.o)
                0x0000000008003668                _exit
 *(.glue_7)
 .glue_7        0x000000000800366c        0x0 linker stubs
 *(.glue_7t)
 .glue_7t       0x000000000800366c        0x0 linker stubs
 *(.eh_frame)
 .eh_frame      0x000000000800366c        0x0 /usr/lib/gcc/arm-none-eabi/11.2.0/thumb/v7e-m+fp/hard/crtbegin.o
 *(.init)
 .init          0x000000000800366c        0x4 /usr/lib/gcc/arm-none-eabi/11.2.0/thumb/v7e-m+fp/hard/crti.o
                0x000000000800366c                _init
 .init          0x0000000008003670        0x8 /usr/lib/gcc/arm-none-eabi/11.2.0/thumb/v7e-m+fp/hard/crtn.o
 *(.fini)
 .fini          0x0000000008003678        0x4 /usr/lib/gcc/arm-none-eabi/11.2.0/thumb/v7e-m+fp/hard/crti.o
                0x0000000008003678                _fini
 .fini          0x000000000800367c        0x8 /usr/lib/gcc/arm-none-eabi/11.2.0/thumb/v7e-m+fp/hard/crtn.o
                0x0000000008003688                . = ALIGN (0x8)
 *fill*         0x0000000008003684        0x4 
                0x0000000008003688                _etext = .

.vfp11_veneer   0x0000000008003688        0x0
 .vfp11_veneer  0x0000000008003688        0x0 linker stubs

.v4_bx          0x0000000008003688        0x0
 .v4_bx         0x0000000008003688        0x0 linker stubs

.iplt           0x0000000008003688        0x0
 .iplt          0x0000000008003688        0x0 /usr/lib/gcc/arm-none-eabi/11.2.0/thumb/v7e-m+fp/hard/crtbegin.o

.rodata         0x0000000008003688       0x50
                0x0000000008003688                . = ALIGN (0x8)
 *(.rodata)
 *(.rodata*)
 .rodata.AHBPrescTable
                0x0000000008003688       0x10 build/system_stm32l4xx.o
                0x0000000008003688                AHBPrescTable
 .rodata.APBPrescTable
                0x0000000008003698        0x8 build/system_stm32l4xx.o
                0x0000000008003698                APBPrescTable
 .rodata.MSIRangeTable
                0x00000000080036a0       0x30 build/system_stm32l4xx.o
                0x00000000080036a0                MSIRangeTable
 .rodata._global_impure_ptr
                0x00000000080036d0        0x4 /usr/lib/gcc/arm-none-eabi/11.2.0/../../../../arm-none-eabi/lib/thumb/v7e-m+fp/hard/libc.a(lib_a-impure.o)
                0x00000000080036d0                _global_impure_ptr
                0x00000000080036d8                . = ALIGN (0x8)
 *fill*         0x00000000080036d4        0x4 

.ARM.extab      0x00000000080036d8       0x18
                0x00000000080036d8                . = ALIGN (0x8)
 *(.ARM.extab* .gnu.linkonce.armextab.*)
 .ARM.extab.text.main
                0x00000000080036d8        0xc build/main.o
 .ARM.extab.text.ts_systime
                0x00000000080036e4        0xc build/init.o
                0x00000000080036f0                . = ALIGN (0x8)

.ARM            0x00000000080036f0       0xb0
                0x00000000080036f0                . = ALIGN (0x8)
                0x00000000080036f0                __exidx_start = .
 *(.ARM.exidx*)
 .ARM.exidx.text._Z18SystemClock_Configv
                0x00000000080036f0        0x8 build/main.o
 .ARM.exidx.text.main
                0x00000000080036f8        0x8 build/main.o
 .ARM.exidx.text.Error_Handler
                0x0000000008003700        0x8 build/main.o
 .ARM.exidx.text.ts_systime
                0x0000000008003708        0x8 build/init.o
 .ARM.exidx.text._Z4initv
                0x0000000008003710       0x10 build/init.o
                                          0x8 (size before relaxing)
 .ARM.exidx.text.__udivmoddi4
                0x0000000008003720        0x0 /usr/lib/gcc/arm-none-eabi/11.2.0/thumb/v7e-m+fp/hard/libgcc.a(_udivmoddi4.o)
                                          0x8 (size before relaxing)
 .ARM.exidx.text.selfrel_offset31
                0x0000000008003720        0x0 /usr/lib/gcc/arm-none-eabi/11.2.0/thumb/v7e-m+fp/hard/libgcc.a(unwind-arm.o)
                                          0x8 (size before relaxing)
 .ARM.exidx.text.search_EIT_table
                0x0000000008003720        0x0 /usr/lib/gcc/arm-none-eabi/11.2.0/thumb/v7e-m+fp/hard/libgcc.a(unwind-arm.o)
                                          0x8 (size before relaxing)
 .ARM.exidx.text.__gnu_unwind_get_pr_addr
                0x0000000008003720        0x0 /usr/lib/gcc/arm-none-eabi/11.2.0/thumb/v7e-m+fp/hard/libgcc.a(unwind-arm.o)
                                          0x8 (size before relaxing)
 .ARM.exidx.text.get_eit_entry
                0x0000000008003720        0x8 /usr/lib/gcc/arm-none-eabi/11.2.0/thumb/v7e-m+fp/hard/libgcc.a(unwind-arm.o)
 .ARM.exidx.text.restore_non_core_regs
                0x0000000008003728        0x8 /usr/lib/gcc/arm-none-eabi/11.2.0/thumb/v7e-m+fp/hard/libgcc.a(unwind-arm.o)
 .ARM.exidx.text._Unwind_decode_typeinfo_ptr.constprop.0
                0x0000000008003730        0x8 /usr/lib/gcc/arm-none-eabi/11.2.0/thumb/v7e-m+fp/hard/libgcc.a(unwind-arm.o)
 .ARM.exidx.text._Unwind_DebugHook
                0x0000000008003738        0x0 /usr/lib/gcc/arm-none-eabi/11.2.0/thumb/v7e-m+fp/hard/libgcc.a(unwind-arm.o)
                                          0x8 (size before relaxing)
 .ARM.exidx.text.unwind_phase2
                0x0000000008003738        0x8 /usr/lib/gcc/arm-none-eabi/11.2.0/thumb/v7e-m+fp/hard/libgcc.a(unwind-arm.o)
 .ARM.exidx.text.unwind_phase2_forced
                0x0000000008003740        0x8 /usr/lib/gcc/arm-none-eabi/11.2.0/thumb/v7e-m+fp/hard/libgcc.a(unwind-arm.o)
 .ARM.exidx.text.__gnu_Unwind_RaiseException
                0x0000000008003748        0x8 /usr/lib/gcc/arm-none-eabi/11.2.0/thumb/v7e-m+fp/hard/libgcc.a(unwind-arm.o)
 .ARM.exidx.text.__gnu_Unwind_ForcedUnwind
                0x0000000008003750        0x8 /usr/lib/gcc/arm-none-eabi/11.2.0/thumb/v7e-m+fp/hard/libgcc.a(unwind-arm.o)
 .ARM.exidx.text.__gnu_Unwind_Resume
                0x0000000008003758        0x8 /usr/lib/gcc/arm-none-eabi/11.2.0/thumb/v7e-m+fp/hard/libgcc.a(unwind-arm.o)
 .ARM.exidx.text.__gnu_Unwind_Resume_or_Rethrow
                0x0000000008003760        0x8 /usr/lib/gcc/arm-none-eabi/11.2.0/thumb/v7e-m+fp/hard/libgcc.a(unwind-arm.o)
 .ARM.exidx.text._Unwind_VRS_Get
                0x0000000008003768        0x0 /usr/lib/gcc/arm-none-eabi/11.2.0/thumb/v7e-m+fp/hard/libgcc.a(unwind-arm.o)
                                          0x8 (size before relaxing)
 .ARM.exidx.text._Unwind_GetGR
                0x0000000008003768        0x0 /usr/lib/gcc/arm-none-eabi/11.2.0/thumb/v7e-m+fp/hard/libgcc.a(unwind-arm.o)
                                          0x8 (size before relaxing)
 .ARM.exidx.text._Unwind_VRS_Set
                0x0000000008003768        0x0 /usr/lib/gcc/arm-none-eabi/11.2.0/thumb/v7e-m+fp/hard/libgcc.a(unwind-arm.o)
                                          0x8 (size before relaxing)
 .ARM.exidx.text._Unwind_SetGR
                0x0000000008003768        0x0 /usr/lib/gcc/arm-none-eabi/11.2.0/thumb/v7e-m+fp/hard/libgcc.a(unwind-arm.o)
                                          0x8 (size before relaxing)
 .ARM.exidx.text.__gnu_Unwind_Backtrace
                0x0000000008003768        0x8 /usr/lib/gcc/arm-none-eabi/11.2.0/thumb/v7e-m+fp/hard/libgcc.a(unwind-arm.o)
 .ARM.exidx.text.__gnu_unwind_pr_common
                0x0000000008003770        0x8 /usr/lib/gcc/arm-none-eabi/11.2.0/thumb/v7e-m+fp/hard/libgcc.a(unwind-arm.o)
 .ARM.exidx.text.__aeabi_unwind_cpp_pr0
                0x0000000008003778        0x8 /usr/lib/gcc/arm-none-eabi/11.2.0/thumb/v7e-m+fp/hard/libgcc.a(unwind-arm.o)
 .ARM.exidx.text.__aeabi_unwind_cpp_pr1
                0x0000000008003780        0x0 /usr/lib/gcc/arm-none-eabi/11.2.0/thumb/v7e-m+fp/hard/libgcc.a(unwind-arm.o)
                                          0x8 (size before relaxing)
 .ARM.exidx.text.__aeabi_unwind_cpp_pr2
                0x0000000008003780        0x0 /usr/lib/gcc/arm-none-eabi/11.2.0/thumb/v7e-m+fp/hard/libgcc.a(unwind-arm.o)
                                          0x8 (size before relaxing)
 .ARM.exidx.text._Unwind_VRS_Pop
                0x0000000008003780        0x8 /usr/lib/gcc/arm-none-eabi/11.2.0/thumb/v7e-m+fp/hard/libgcc.a(unwind-arm.o)
 .ARM.exidx.text.next_unwind_byte
                0x0000000008003788        0x8 /usr/lib/gcc/arm-none-eabi/11.2.0/thumb/v7e-m+fp/hard/libgcc.a(pr-support.o)
 .ARM.exidx.text.__gnu_unwind_execute
                0x0000000008003790       0x10 /usr/lib/gcc/arm-none-eabi/11.2.0/thumb/v7e-m+fp/hard/libgcc.a(pr-support.o)
                                          0x8 (size before relaxing)
                0x00000000080037a0                __exidx_end = .
                0x00000000080037a0                . = ALIGN (0x8)

.rel.dyn        0x00000000080037a0        0x0
 .rel.iplt      0x00000000080037a0        0x0 /usr/lib/gcc/arm-none-eabi/11.2.0/thumb/v7e-m+fp/hard/crtbegin.o

.preinit_array  0x00000000080037a0        0x0
                0x00000000080037a0                . = ALIGN (0x8)
                0x00000000080037a0                PROVIDE (__preinit_array_start = .)
 *(.preinit_array*)
                0x00000000080037a0                PROVIDE (__preinit_array_end = .)
                0x00000000080037a0                . = ALIGN (0x8)

.init_array     0x00000000080037a0        0x8
                0x00000000080037a0                . = ALIGN (0x8)
                0x00000000080037a0                PROVIDE (__init_array_start = .)
 *(SORT_BY_NAME(.init_array.*))
 .init_array.00000
                0x00000000080037a0        0x4 /usr/lib/gcc/arm-none-eabi/11.2.0/../../../../arm-none-eabi/lib/thumb/v7e-m+fp/hard/libc.a(lib_a-__call_atexit.o)
 *(.init_array*)
 .init_array    0x00000000080037a4        0x4 /usr/lib/gcc/arm-none-eabi/11.2.0/thumb/v7e-m+fp/hard/crtbegin.o
                0x00000000080037a8                PROVIDE (__init_array_end = .)
                0x00000000080037a8                . = ALIGN (0x8)

.fini_array     0x00000000080037a8        0x8
                0x00000000080037a8                . = ALIGN (0x8)
                0x00000000080037a8                PROVIDE (__fini_array_start = .)
 *(SORT_BY_NAME(.fini_array.*))
 *(.fini_array*)
 .fini_array    0x00000000080037a8        0x4 /usr/lib/gcc/arm-none-eabi/11.2.0/thumb/v7e-m+fp/hard/crtbegin.o
                0x00000000080037ac                PROVIDE (__fini_array_end = .)
                0x00000000080037b0                . = ALIGN (0x8)
 *fill*         0x00000000080037ac        0x4 
                0x00000000080037b0                _sidata = LOADADDR (.data)

.data           0x0000000020000000      0x440 load address 0x00000000080037b0
                0x0000000020000000                . = ALIGN (0x8)
                0x0000000020000000                _sdata = .
 *(.data)
 *(.data*)
 .data.uwTickFreq
                0x0000000020000000        0x1 build/stm32l4xx_hal.o
                0x0000000020000000                uwTickFreq
 *fill*         0x0000000020000001        0x3 
 .data.uwTickPrio
                0x0000000020000004        0x4 build/stm32l4xx_hal.o
                0x0000000020000004                uwTickPrio
 .data.SystemCoreClock
                0x0000000020000008        0x4 build/system_stm32l4xx.o
                0x0000000020000008                SystemCoreClock
 .data._impure_ptr
                0x000000002000000c        0x4 /usr/lib/gcc/arm-none-eabi/11.2.0/../../../../arm-none-eabi/lib/thumb/v7e-m+fp/hard/libc.a(lib_a-impure.o)
                0x000000002000000c                _impure_ptr
 .data.impure_data
                0x0000000020000010      0x428 /usr/lib/gcc/arm-none-eabi/11.2.0/../../../../arm-none-eabi/lib/thumb/v7e-m+fp/hard/libc.a(lib_a-impure.o)
 .data.__atexit_recursive_mutex
                0x0000000020000438        0x4 /usr/lib/gcc/arm-none-eabi/11.2.0/../../../../arm-none-eabi/lib/thumb/v7e-m+fp/hard/libc.a(lib_a-__call_atexit.o)
                0x0000000020000438                __atexit_recursive_mutex
                0x0000000020000440                . = ALIGN (0x8)
 *fill*         0x000000002000043c        0x4 
                0x0000000020000440                _edata = .

.igot.plt       0x0000000020000440        0x0 load address 0x0000000008003bf0
 .igot.plt      0x0000000020000440        0x0 /usr/lib/gcc/arm-none-eabi/11.2.0/thumb/v7e-m+fp/hard/crtbegin.o
                0x0000000020000440                . = ALIGN (0x4)

.bss            0x0000000020000440      0x25c load address 0x0000000008003bf0
                0x0000000020000440                _sbss = .
                0x0000000020000440                __bss_start__ = _sbss
 *(.bss)
 *(.bss*)
 .bss.completed.1
                0x0000000020000440        0x1 /usr/lib/gcc/arm-none-eabi/11.2.0/thumb/v7e-m+fp/hard/crtbegin.o
 *fill*         0x0000000020000441        0x3 
 .bss.object.0  0x0000000020000444       0x18 /usr/lib/gcc/arm-none-eabi/11.2.0/thumb/v7e-m+fp/hard/crtbegin.o
 .bss.uwTick    0x000000002000045c        0x4 build/stm32l4xx_hal.o
                0x000000002000045c                uwTick
 .bss.huart1    0x0000000020000460       0x80 build/usart.o
                0x0000000020000460                huart1
 .bss.huart2    0x00000000200004e0       0x80 build/usart.o
                0x00000000200004e0                huart2
 .bss.huart3    0x0000000020000560       0x80 build/usart.o
                0x0000000020000560                huart3
 .bss.htim2     0x00000000200005e0       0x4c build/tim.o
                0x00000000200005e0                htim2
 .bss.tasks     0x000000002000062c       0x50 build/ts.o
                0x000000002000062c                tasks
 .bss.ttid_map  0x000000002000067c       0x14 build/ts.o
                0x000000002000067c                ttid_map
 .bss.hooks     0x0000000020000690        0x4 build/watchdog.o
 .bss.__lock___atexit_recursive_mutex
                0x0000000020000694        0x1 /usr/lib/gcc/arm-none-eabi/11.2.0/../../../../arm-none-eabi/lib/thumb/v7e-m+fp/hard/libc.a(lib_a-lock.o)
                0x0000000020000694                __lock___atexit_recursive_mutex
 *fill*         0x0000000020000695        0x3 
 .bss.errno     0x0000000020000698        0x4 /usr/lib/gcc/arm-none-eabi/11.2.0/../../../../arm-none-eabi/lib/thumb/v7e-m+fp/hard/libc.a(lib_a-reent.o)
                0x0000000020000698                errno
 *(COMMON)
                0x000000002000069c                . = ALIGN (0x4)
                0x000000002000069c                _ebss = .
                0x000000002000069c                __bss_end__ = _ebss

._user_heap_stack
                0x000000002000069c      0x604 load address 0x0000000008003bf0
                0x00000000200006a0                . = ALIGN (0x8)
 *fill*         0x000000002000069c        0x4 
                0x00000000200006a0                PROVIDE (end = .)
                [!provide]                        PROVIDE (_end = .)
                0x00000000200008a0                . = (. + _Min_Heap_Size)
 *fill*         0x00000000200006a0      0x200 
                0x0000000020000ca0                . = (. + _Min_Stack_Size)
 *fill*         0x00000000200008a0      0x400 
                0x0000000020000ca0                . = ALIGN (0x8)

/DISCARD/
 libc.a(*)
 libm.a(*)
 libgcc.a(*)

.ARM.attributes
                0x0000000000000000       0x30
 *(.ARM.attributes)
 .ARM.attributes
                0x0000000000000000       0x1e /usr/lib/gcc/arm-none-eabi/11.2.0/thumb/v7e-m+fp/hard/crti.o
 .ARM.attributes
                0x000000000000001e       0x34 /usr/lib/gcc/arm-none-eabi/11.2.0/thumb/v7e-m+fp/hard/crtbegin.o
 .ARM.attributes
                0x0000000000000052       0x34 build/stm32l4xx_it.o
 .ARM.attributes
                0x0000000000000086       0x34 build/stm32l4xx_hal_msp.o
 .ARM.attributes
                0x00000000000000ba       0x34 build/stm32l4xx_hal_tim.o
 .ARM.attributes
                0x00000000000000ee       0x34 build/stm32l4xx_hal_tim_ex.o
 .ARM.attributes
                0x0000000000000122       0x34 build/stm32l4xx_hal_uart.o
 .ARM.attributes
                0x0000000000000156       0x34 build/stm32l4xx_hal.o
 .ARM.attributes
                0x000000000000018a       0x34 build/stm32l4xx_hal_rcc.o
 .ARM.attributes
                0x00000000000001be       0x34 build/stm32l4xx_hal_rcc_ex.o
 .ARM.attributes
                0x00000000000001f2       0x34 build/stm32l4xx_hal_gpio.o
 .ARM.attributes
                0x0000000000000226       0x34 build/stm32l4xx_hal_pwr_ex.o
 .ARM.attributes
                0x000000000000025a       0x34 build/stm32l4xx_hal_cortex.o
 .ARM.attributes
                0x000000000000028e       0x34 build/system_stm32l4xx.o
 .ARM.attributes
                0x00000000000002c2       0x34 build/gpio.o
 .ARM.attributes
                0x00000000000002f6       0x34 build/usart.o
 .ARM.attributes
                0x000000000000032a       0x34 build/tim.o
 .ARM.attributes
                0x000000000000035e       0x34 build/ts.o
 .ARM.attributes
                0x0000000000000392       0x34 build/watchdog.o
 .ARM.attributes
                0x00000000000003c6       0x34 build/main.o
 .ARM.attributes
                0x00000000000003fa       0x34 build/init.o
 .ARM.attributes
                0x000000000000042e       0x21 build/startup_stm32l452xx.o
 .ARM.attributes
                0x000000000000044f       0x34 /usr/lib/gcc/arm-none-eabi/11.2.0/../../../../arm-none-eabi/lib/thumb/v7e-m+fp/hard/libc.a(lib_a-atexit.o)
 .ARM.attributes
                0x0000000000000483       0x34 /usr/lib/gcc/arm-none-eabi/11.2.0/../../../../arm-none-eabi/lib/thumb/v7e-m+fp/hard/libc.a(lib_a-fini.o)
 .ARM.attributes
                0x00000000000004b7       0x32 /usr/lib/gcc/arm-none-eabi/11.2.0/../../../../arm-none-eabi/lib/thumb/v7e-m+fp/hard/libc.a(lib_a-impure.o)
 .ARM.attributes
                0x00000000000004e9       0x34 /usr/lib/gcc/arm-none-eabi/11.2.0/../../../../arm-none-eabi/lib/thumb/v7e-m+fp/hard/libc.a(lib_a-init.o)
 .ARM.attributes
                0x000000000000051d       0x1c /usr/lib/gcc/arm-none-eabi/11.2.0/../../../../arm-none-eabi/lib/thumb/v7e-m+fp/hard/libc.a(lib_a-memcpy.o)
 .ARM.attributes
                0x0000000000000539       0x34 /usr/lib/gcc/arm-none-eabi/11.2.0/../../../../arm-none-eabi/lib/thumb/v7e-m+fp/hard/libc.a(lib_a-memset.o)
 .ARM.attributes
                0x000000000000056d       0x34 /usr/lib/gcc/arm-none-eabi/11.2.0/../../../../arm-none-eabi/lib/thumb/v7e-m+fp/hard/libc.a(lib_a-__atexit.o)
 .ARM.attributes
                0x00000000000005a1       0x34 /usr/lib/gcc/arm-none-eabi/11.2.0/../../../../arm-none-eabi/lib/thumb/v7e-m+fp/hard/libc.a(lib_a-__call_atexit.o)
 .ARM.attributes
                0x00000000000005d5       0x34 /usr/lib/gcc/arm-none-eabi/11.2.0/../../../../arm-none-eabi/lib/thumb/v7e-m+fp/hard/libc.a(lib_a-lock.o)
 .ARM.attributes
                0x0000000000000609       0x34 /usr/lib/gcc/arm-none-eabi/11.2.0/../../../../arm-none-eabi/lib/thumb/v7e-m+fp/hard/libc.a(lib_a-reent.o)
 .ARM.attributes
                0x000000000000063d       0x1e /usr/lib/gcc/arm-none-eabi/11.2.0/thumb/v7e-m+fp/hard/libgcc.a(_aeabi_uldivmod.o)
 .ARM.attributes
                0x000000000000065b       0x34 /usr/lib/gcc/arm-none-eabi/11.2.0/thumb/v7e-m+fp/hard/libgcc.a(_udivmoddi4.o)
 .ARM.attributes
                0x000000000000068f       0x34 /usr/lib/gcc/arm-none-eabi/11.2.0/thumb/v7e-m+fp/hard/libgcc.a(unwind-arm.o)
 .ARM.attributes
                0x00000000000006c3       0x1e /usr/lib/gcc/arm-none-eabi/11.2.0/thumb/v7e-m+fp/hard/libgcc.a(libunwind.o)
 .ARM.attributes
                0x00000000000006e1       0x34 /usr/lib/gcc/arm-none-eabi/11.2.0/thumb/v7e-m+fp/hard/libgcc.a(pr-support.o)
 .ARM.attributes
                0x0000000000000715       0x1e /usr/lib/gcc/arm-none-eabi/11.2.0/thumb/v7e-m+fp/hard/libgcc.a(_dvmd_tls.o)
 .ARM.attributes
                0x0000000000000733       0x34 /usr/lib/gcc/arm-none-eabi/11.2.0/../../../../arm-none-eabi/lib/thumb/v7e-m+fp/hard/libc.a(lib_a-abort.o)
 .ARM.attributes
                0x0000000000000767       0x34 /usr/lib/gcc/arm-none-eabi/11.2.0/../../../../arm-none-eabi/lib/thumb/v7e-m+fp/hard/libc.a(lib_a-signal.o)
 .ARM.attributes
                0x000000000000079b       0x34 /usr/lib/gcc/arm-none-eabi/11.2.0/../../../../arm-none-eabi/lib/thumb/v7e-m+fp/hard/libc.a(lib_a-signalr.o)
 .ARM.attributes
                0x00000000000007cf       0x34 /usr/lib/gcc/arm-none-eabi/11.2.0/../../../../arm-none-eabi/lib/thumb/v7e-m+fp/hard/libnosys.a(getpid.o)
 .ARM.attributes
                0x0000000000000803       0x34 /usr/lib/gcc/arm-none-eabi/11.2.0/../../../../arm-none-eabi/lib/thumb/v7e-m+fp/hard/libnosys.a(kill.o)
 .ARM.attributes
                0x0000000000000837       0x34 /usr/lib/gcc/arm-none-eabi/11.2.0/../../../../arm-none-eabi/lib/thumb/v7e-m+fp/hard/libnosys.a(_exit.o)
 .ARM.attributes
                0x000000000000086b       0x1e /usr/lib/gcc/arm-none-eabi/11.2.0/thumb/v7e-m+fp/hard/crtn.o
OUTPUT(build/NIGEL.elf elf32-littlearm)
LOAD linker stubs
LOAD /usr/lib/gcc/arm-none-eabi/11.2.0/../../../../arm-none-eabi/lib/thumb/v7e-m+fp/hard/libc.a
LOAD /usr/lib/gcc/arm-none-eabi/11.2.0/../../../../arm-none-eabi/lib/thumb/v7e-m+fp/hard/libm.a
LOAD /usr/lib/gcc/arm-none-eabi/11.2.0/thumb/v7e-m+fp/hard/libgcc.a

.debug_info     0x0000000000000000    0x150c3
 .debug_info    0x0000000000000000      0x839 build/stm32l4xx_it.o
 .debug_info    0x0000000000000839      0x381 build/stm32l4xx_hal_msp.o
 .debug_info    0x0000000000000bba     0x3f8a build/stm32l4xx_hal_tim.o
 .debug_info    0x0000000000004b44     0x1e7f build/stm32l4xx_hal_tim_ex.o
 .debug_info    0x00000000000069c3     0x21f3 build/stm32l4xx_hal_uart.o
 .debug_info    0x0000000000008bb6      0xdcb build/stm32l4xx_hal.o
 .debug_info    0x0000000000009981     0x104e build/stm32l4xx_hal_rcc.o
 .debug_info    0x000000000000a9cf     0x1470 build/stm32l4xx_hal_rcc_ex.o
 .debug_info    0x000000000000be3f      0x92e build/stm32l4xx_hal_gpio.o
 .debug_info    0x000000000000c76d      0xb1f build/stm32l4xx_hal_pwr_ex.o
 .debug_info    0x000000000000d28c     0x1138 build/stm32l4xx_hal_cortex.o
 .debug_info    0x000000000000e3c4      0x6b5 build/system_stm32l4xx.o
 .debug_info    0x000000000000ea79      0x5d7 build/gpio.o
 .debug_info    0x000000000000f050      0xe0c build/usart.o
 .debug_info    0x000000000000fe5c      0xe96 build/tim.o
 .debug_info    0x0000000000010cf2      0x2eb build/ts.o
 .debug_info    0x0000000000010fdd      0x9dc build/watchdog.o
 .debug_info    0x00000000000119b9      0x671 build/main.o
 .debug_info    0x000000000001202a      0x23b build/init.o
 .debug_info    0x0000000000012265       0x22 build/startup_stm32l452xx.o
 .debug_info    0x0000000000012287       0x24 /usr/lib/gcc/arm-none-eabi/11.2.0/thumb/v7e-m+fp/hard/libgcc.a(_aeabi_uldivmod.o)
 .debug_info    0x00000000000122ab      0x6e4 /usr/lib/gcc/arm-none-eabi/11.2.0/thumb/v7e-m+fp/hard/libgcc.a(_udivmoddi4.o)
 .debug_info    0x000000000001298f     0x1de3 /usr/lib/gcc/arm-none-eabi/11.2.0/thumb/v7e-m+fp/hard/libgcc.a(unwind-arm.o)
 .debug_info    0x0000000000014772       0x25 /usr/lib/gcc/arm-none-eabi/11.2.0/thumb/v7e-m+fp/hard/libgcc.a(libunwind.o)
 .debug_info    0x0000000000014797      0x908 /usr/lib/gcc/arm-none-eabi/11.2.0/thumb/v7e-m+fp/hard/libgcc.a(pr-support.o)
 .debug_info    0x000000000001509f       0x24 /usr/lib/gcc/arm-none-eabi/11.2.0/thumb/v7e-m+fp/hard/libgcc.a(_dvmd_tls.o)

.debug_abbrev   0x0000000000000000     0x31e7
 .debug_abbrev  0x0000000000000000      0x190 build/stm32l4xx_it.o
 .debug_abbrev  0x0000000000000190       0xc1 build/stm32l4xx_hal_msp.o
 .debug_abbrev  0x0000000000000251      0x2c7 build/stm32l4xx_hal_tim.o
 .debug_abbrev  0x0000000000000518      0x2b0 build/stm32l4xx_hal_tim_ex.o
 .debug_abbrev  0x00000000000007c8      0x29b build/stm32l4xx_hal_uart.o
 .debug_abbrev  0x0000000000000a63      0x284 build/stm32l4xx_hal.o
 .debug_abbrev  0x0000000000000ce7      0x2de build/stm32l4xx_hal_rcc.o
 .debug_abbrev  0x0000000000000fc5      0x2c2 build/stm32l4xx_hal_rcc_ex.o
 .debug_abbrev  0x0000000000001287      0x222 build/stm32l4xx_hal_gpio.o
 .debug_abbrev  0x00000000000014a9      0x233 build/stm32l4xx_hal_pwr_ex.o
 .debug_abbrev  0x00000000000016dc      0x371 build/stm32l4xx_hal_cortex.o
 .debug_abbrev  0x0000000000001a4d      0x140 build/system_stm32l4xx.o
 .debug_abbrev  0x0000000000001b8d      0x160 build/gpio.o
 .debug_abbrev  0x0000000000001ced      0x208 build/usart.o
 .debug_abbrev  0x0000000000001ef5      0x213 build/tim.o
 .debug_abbrev  0x0000000000002108      0x1be build/ts.o
 .debug_abbrev  0x00000000000022c6      0x29d build/watchdog.o
 .debug_abbrev  0x0000000000002563      0x1b1 build/main.o
 .debug_abbrev  0x0000000000002714      0x17a build/init.o
 .debug_abbrev  0x000000000000288e       0x12 build/startup_stm32l452xx.o
 .debug_abbrev  0x00000000000028a0       0x14 /usr/lib/gcc/arm-none-eabi/11.2.0/thumb/v7e-m+fp/hard/libgcc.a(_aeabi_uldivmod.o)
 .debug_abbrev  0x00000000000028b4      0x179 /usr/lib/gcc/arm-none-eabi/11.2.0/thumb/v7e-m+fp/hard/libgcc.a(_udivmoddi4.o)
 .debug_abbrev  0x0000000000002a2d      0x4a4 /usr/lib/gcc/arm-none-eabi/11.2.0/thumb/v7e-m+fp/hard/libgcc.a(unwind-arm.o)
 .debug_abbrev  0x0000000000002ed1       0x14 /usr/lib/gcc/arm-none-eabi/11.2.0/thumb/v7e-m+fp/hard/libgcc.a(libunwind.o)
 .debug_abbrev  0x0000000000002ee5      0x2ee /usr/lib/gcc/arm-none-eabi/11.2.0/thumb/v7e-m+fp/hard/libgcc.a(pr-support.o)
 .debug_abbrev  0x00000000000031d3       0x14 /usr/lib/gcc/arm-none-eabi/11.2.0/thumb/v7e-m+fp/hard/libgcc.a(_dvmd_tls.o)

.debug_loc      0x0000000000000000     0xe5db
 .debug_loc     0x0000000000000000       0x40 build/stm32l4xx_it.o
 .debug_loc     0x0000000000000040       0x2c build/stm32l4xx_hal_msp.o
 .debug_loc     0x000000000000006c     0x58d1 build/stm32l4xx_hal_tim.o
 .debug_loc     0x000000000000593d     0x2700 build/stm32l4xx_hal_tim_ex.o
 .debug_loc     0x000000000000803d     0x213f build/stm32l4xx_hal_uart.o
 .debug_loc     0x000000000000a17c      0x2af build/stm32l4xx_hal.o
 .debug_loc     0x000000000000a42b      0x9d1 build/stm32l4xx_hal_rcc.o
 .debug_loc     0x000000000000adfc     0x1aa6 build/stm32l4xx_hal_rcc_ex.o
 .debug_loc     0x000000000000c8a2      0x463 build/stm32l4xx_hal_gpio.o
 .debug_loc     0x000000000000cd05      0x7a9 build/stm32l4xx_hal_pwr_ex.o
 .debug_loc     0x000000000000d4ae      0x831 build/stm32l4xx_hal_cortex.o
 .debug_loc     0x000000000000dcdf      0x1eb build/system_stm32l4xx.o
 .debug_loc     0x000000000000deca       0x38 build/gpio.o
 .debug_loc     0x000000000000df02      0x1bc build/usart.o
 .debug_loc     0x000000000000e0be      0x103 build/tim.o
 .debug_loc     0x000000000000e1c1      0x1ae build/ts.o
 .debug_loc     0x000000000000e36f      0x1c7 build/watchdog.o
 .debug_loc     0x000000000000e536       0x59 build/main.o
 .debug_loc     0x000000000000e58f       0x4c build/init.o

.debug_aranges  0x0000000000000000     0x1040
 .debug_aranges
                0x0000000000000000       0x68 build/stm32l4xx_it.o
 .debug_aranges
                0x0000000000000068       0x20 build/stm32l4xx_hal_msp.o
 .debug_aranges
                0x0000000000000088      0x3e0 build/stm32l4xx_hal_tim.o
 .debug_aranges
                0x0000000000000468      0x180 build/stm32l4xx_hal_tim_ex.o
 .debug_aranges
                0x00000000000005e8      0x210 build/stm32l4xx_hal_uart.o
 .debug_aranges
                0x00000000000007f8      0x130 build/stm32l4xx_hal.o
 .debug_aranges
                0x0000000000000928       0x88 build/stm32l4xx_hal_rcc.o
 .debug_aranges
                0x00000000000009b0       0xf0 build/stm32l4xx_hal_rcc_ex.o
 .debug_aranges
                0x0000000000000aa0       0x58 build/stm32l4xx_hal_gpio.o
 .debug_aranges
                0x0000000000000af8      0x128 build/stm32l4xx_hal_pwr_ex.o
 .debug_aranges
                0x0000000000000c20       0xa8 build/stm32l4xx_hal_cortex.o
 .debug_aranges
                0x0000000000000cc8       0x28 build/system_stm32l4xx.o
 .debug_aranges
                0x0000000000000cf0       0x20 build/gpio.o
 .debug_aranges
                0x0000000000000d10       0x40 build/usart.o
 .debug_aranges
                0x0000000000000d50       0x30 build/tim.o
 .debug_aranges
                0x0000000000000d80       0x30 build/ts.o
 .debug_aranges
                0x0000000000000db0       0x40 build/watchdog.o
 .debug_aranges
                0x0000000000000df0       0x30 build/main.o
 .debug_aranges
                0x0000000000000e20       0x30 build/init.o
 .debug_aranges
                0x0000000000000e50       0x28 build/startup_stm32l452xx.o
 .debug_aranges
                0x0000000000000e78       0x20 /usr/lib/gcc/arm-none-eabi/11.2.0/thumb/v7e-m+fp/hard/libgcc.a(_aeabi_uldivmod.o)
 .debug_aranges
                0x0000000000000e98       0x20 /usr/lib/gcc/arm-none-eabi/11.2.0/thumb/v7e-m+fp/hard/libgcc.a(_udivmoddi4.o)
 .debug_aranges
                0x0000000000000eb8       0xf0 /usr/lib/gcc/arm-none-eabi/11.2.0/thumb/v7e-m+fp/hard/libgcc.a(unwind-arm.o)
 .debug_aranges
                0x0000000000000fa8       0x20 /usr/lib/gcc/arm-none-eabi/11.2.0/thumb/v7e-m+fp/hard/libgcc.a(libunwind.o)
 .debug_aranges
                0x0000000000000fc8       0x58 /usr/lib/gcc/arm-none-eabi/11.2.0/thumb/v7e-m+fp/hard/libgcc.a(pr-support.o)
 .debug_aranges
                0x0000000000001020       0x20 /usr/lib/gcc/arm-none-eabi/11.2.0/thumb/v7e-m+fp/hard/libgcc.a(_dvmd_tls.o)

.debug_ranges   0x0000000000000000      0xe08
 .debug_ranges  0x0000000000000000       0x58 build/stm32l4xx_it.o
 .debug_ranges  0x0000000000000058       0x10 build/stm32l4xx_hal_msp.o
 .debug_ranges  0x0000000000000068      0x3d0 build/stm32l4xx_hal_tim.o
 .debug_ranges  0x0000000000000438      0x170 build/stm32l4xx_hal_tim_ex.o
 .debug_ranges  0x00000000000005a8      0x200 build/stm32l4xx_hal_uart.o
 .debug_ranges  0x00000000000007a8      0x120 build/stm32l4xx_hal.o
 .debug_ranges  0x00000000000008c8       0x90 build/stm32l4xx_hal_rcc.o
 .debug_ranges  0x0000000000000958       0xf8 build/stm32l4xx_hal_rcc_ex.o
 .debug_ranges  0x0000000000000a50       0x48 build/stm32l4xx_hal_gpio.o
 .debug_ranges  0x0000000000000a98      0x118 build/stm32l4xx_hal_pwr_ex.o
 .debug_ranges  0x0000000000000bb0       0xf8 build/stm32l4xx_hal_cortex.o
 .debug_ranges  0x0000000000000ca8       0x18 build/system_stm32l4xx.o
 .debug_ranges  0x0000000000000cc0       0x10 build/gpio.o
 .debug_ranges  0x0000000000000cd0       0x30 build/usart.o
 .debug_ranges  0x0000000000000d00       0x20 build/tim.o
 .debug_ranges  0x0000000000000d20       0x38 build/ts.o
 .debug_ranges  0x0000000000000d58       0x50 build/watchdog.o
 .debug_ranges  0x0000000000000da8       0x20 build/main.o
 .debug_ranges  0x0000000000000dc8       0x20 build/init.o
 .debug_ranges  0x0000000000000de8       0x20 build/startup_stm32l452xx.o

.debug_line     0x0000000000000000     0xfbed
 .debug_line    0x0000000000000000      0x261 build/stm32l4xx_it.o
 .debug_line    0x0000000000000261       0xff build/stm32l4xx_hal_msp.o
 .debug_line    0x0000000000000360     0x49f4 build/stm32l4xx_hal_tim.o
 .debug_line    0x0000000000004d54     0x1f06 build/stm32l4xx_hal_tim_ex.o
 .debug_line    0x0000000000006c5a     0x216b build/stm32l4xx_hal_uart.o
 .debug_line    0x0000000000008dc5      0x637 build/stm32l4xx_hal.o
 .debug_line    0x00000000000093fc      0xea4 build/stm32l4xx_hal_rcc.o
 .debug_line    0x000000000000a2a0     0x13f8 build/stm32l4xx_hal_rcc_ex.o
 .debug_line    0x000000000000b698      0x610 build/stm32l4xx_hal_gpio.o
 .debug_line    0x000000000000bca8      0x8c5 build/stm32l4xx_hal_pwr_ex.o
 .debug_line    0x000000000000c56d      0x710 build/stm32l4xx_hal_cortex.o
 .debug_line    0x000000000000cc7d      0x27b build/system_stm32l4xx.o
 .debug_line    0x000000000000cef8      0x179 build/gpio.o
 .debug_line    0x000000000000d071      0x400 build/usart.o
 .debug_line    0x000000000000d471      0x27b build/tim.o
 .debug_line    0x000000000000d6ec      0x270 build/ts.o
 .debug_line    0x000000000000d95c      0x2fb build/watchdog.o
 .debug_line    0x000000000000dc57      0x2be build/main.o
 .debug_line    0x000000000000df15      0x15c build/init.o
 .debug_line    0x000000000000e071       0x75 build/startup_stm32l452xx.o
 .debug_line    0x000000000000e0e6       0x4e /usr/lib/gcc/arm-none-eabi/11.2.0/thumb/v7e-m+fp/hard/libgcc.a(_aeabi_uldivmod.o)
 .debug_line    0x000000000000e134      0x522 /usr/lib/gcc/arm-none-eabi/11.2.0/thumb/v7e-m+fp/hard/libgcc.a(_udivmoddi4.o)
 .debug_line    0x000000000000e656      0xf9e /usr/lib/gcc/arm-none-eabi/11.2.0/thumb/v7e-m+fp/hard/libgcc.a(unwind-arm.o)
 .debug_line    0x000000000000f5f4       0x97 /usr/lib/gcc/arm-none-eabi/11.2.0/thumb/v7e-m+fp/hard/libgcc.a(libunwind.o)
 .debug_line    0x000000000000f68b      0x518 /usr/lib/gcc/arm-none-eabi/11.2.0/thumb/v7e-m+fp/hard/libgcc.a(pr-support.o)
 .debug_line    0x000000000000fba3       0x4a /usr/lib/gcc/arm-none-eabi/11.2.0/thumb/v7e-m+fp/hard/libgcc.a(_dvmd_tls.o)

.debug_str      0x0000000000000000     0x5b6c
 .debug_str     0x0000000000000000      0x69a build/stm32l4xx_it.o
                                        0x747 (size before relaxing)
 .debug_str     0x000000000000069a      0x17e build/stm32l4xx_hal_msp.o
                                        0x2ef (size before relaxing)
 .debug_str     0x0000000000000818      0xfcf build/stm32l4xx_hal_tim.o
                                       0x16e6 (size before relaxing)
 .debug_str     0x00000000000017e7      0x68e build/stm32l4xx_hal_tim_ex.o
                                       0x102c (size before relaxing)
 .debug_str     0x0000000000001e75      0x9b3 build/stm32l4xx_hal_uart.o
                                        0xf22 (size before relaxing)
 .debug_str     0x0000000000002828      0x932 build/stm32l4xx_hal.o
                                        0xc8c (size before relaxing)
 .debug_str     0x000000000000315a      0x3d1 build/stm32l4xx_hal_rcc.o
                                        0x820 (size before relaxing)
 .debug_str     0x000000000000352b      0x6a8 build/stm32l4xx_hal_rcc_ex.o
                                        0xba7 (size before relaxing)
 .debug_str     0x0000000000003bd3      0x113 build/stm32l4xx_hal_gpio.o
                                        0x522 (size before relaxing)
 .debug_str     0x0000000000003ce6      0x4ab build/stm32l4xx_hal_pwr_ex.o
                                        0x77c (size before relaxing)
 .debug_str     0x0000000000004191      0x438 build/stm32l4xx_hal_cortex.o
                                        0xb5e (size before relaxing)
 .debug_str     0x00000000000045c9       0x3d build/system_stm32l4xx.o
                                        0x3c6 (size before relaxing)
 .debug_str     0x0000000000004606       0x1d build/gpio.o
                                        0x3ae (size before relaxing)
 .debug_str     0x0000000000004623       0x7b build/usart.o
                                        0x812 (size before relaxing)
 .debug_str     0x000000000000469e       0x2b build/tim.o
                                        0xdff (size before relaxing)
 .debug_str     0x00000000000046c9       0xf6 build/ts.o
                                        0x282 (size before relaxing)
 .debug_str     0x00000000000047bf       0x8f build/watchdog.o
                                        0x796 (size before relaxing)
 .debug_str     0x000000000000484e      0x189 build/main.o
                                        0x6c7 (size before relaxing)
 .debug_str     0x00000000000049d7       0x3a build/init.o
                                        0x28a (size before relaxing)
 .debug_str     0x0000000000004a11       0x22 build/startup_stm32l452xx.o
                                         0x58 (size before relaxing)
 .debug_str     0x0000000000004a33       0x66 /usr/lib/gcc/arm-none-eabi/11.2.0/thumb/v7e-m+fp/hard/libgcc.a(_aeabi_uldivmod.o)
 .debug_str     0x0000000000004a99      0x56b /usr/lib/gcc/arm-none-eabi/11.2.0/thumb/v7e-m+fp/hard/libgcc.a(_udivmoddi4.o)
                                        0x66b (size before relaxing)
 .debug_str     0x0000000000005004      0xa5b /usr/lib/gcc/arm-none-eabi/11.2.0/thumb/v7e-m+fp/hard/libgcc.a(unwind-arm.o)
                                        0xc79 (size before relaxing)
 .debug_str     0x0000000000005a5f        0xc /usr/lib/gcc/arm-none-eabi/11.2.0/thumb/v7e-m+fp/hard/libgcc.a(libunwind.o)
                                         0x6a (size before relaxing)
 .debug_str     0x0000000000005a6b       0xf5 /usr/lib/gcc/arm-none-eabi/11.2.0/thumb/v7e-m+fp/hard/libgcc.a(pr-support.o)
                                        0x5b6 (size before relaxing)
 .debug_str     0x0000000000005b60        0xc /usr/lib/gcc/arm-none-eabi/11.2.0/thumb/v7e-m+fp/hard/libgcc.a(_dvmd_tls.o)
                                         0x6a (size before relaxing)

.comment        0x0000000000000000       0x1e
 .comment       0x0000000000000000       0x1e build/stm32l4xx_it.o
                                         0x1f (size before relaxing)
 .comment       0x000000000000001e       0x1f build/stm32l4xx_hal_msp.o
 .comment       0x000000000000001e       0x1f build/stm32l4xx_hal_tim.o
 .comment       0x000000000000001e       0x1f build/stm32l4xx_hal_tim_ex.o
 .comment       0x000000000000001e       0x1f build/stm32l4xx_hal_uart.o
 .comment       0x000000000000001e       0x1f build/stm32l4xx_hal.o
 .comment       0x000000000000001e       0x1f build/stm32l4xx_hal_rcc.o
 .comment       0x000000000000001e       0x1f build/stm32l4xx_hal_rcc_ex.o
 .comment       0x000000000000001e       0x1f build/stm32l4xx_hal_gpio.o
 .comment       0x000000000000001e       0x1f build/stm32l4xx_hal_pwr_ex.o
 .comment       0x000000000000001e       0x1f build/stm32l4xx_hal_cortex.o
 .comment       0x000000000000001e       0x1f build/system_stm32l4xx.o
 .comment       0x000000000000001e       0x1f build/gpio.o
 .comment       0x000000000000001e       0x1f build/usart.o
 .comment       0x000000000000001e       0x1f build/tim.o
 .comment       0x000000000000001e       0x1f build/ts.o
 .comment       0x000000000000001e       0x1f build/watchdog.o
 .comment       0x000000000000001e       0x1f build/main.o
 .comment       0x000000000000001e       0x1f build/init.o
 .comment       0x000000000000001e       0x1f /usr/lib/gcc/arm-none-eabi/11.2.0/thumb/v7e-m+fp/hard/libgcc.a(_udivmoddi4.o)
 .comment       0x000000000000001e       0x1f /usr/lib/gcc/arm-none-eabi/11.2.0/thumb/v7e-m+fp/hard/libgcc.a(unwind-arm.o)
 .comment       0x000000000000001e       0x1f /usr/lib/gcc/arm-none-eabi/11.2.0/thumb/v7e-m+fp/hard/libgcc.a(pr-support.o)

.debug_frame    0x0000000000000000     0x2c38
 .debug_frame   0x0000000000000000       0xc0 build/stm32l4xx_it.o
 .debug_frame   0x00000000000000c0       0x28 build/stm32l4xx_hal_msp.o
 .debug_frame   0x00000000000000e8      0xb48 build/stm32l4xx_hal_tim.o
 .debug_frame   0x0000000000000c30      0x478 build/stm32l4xx_hal_tim_ex.o
 .debug_frame   0x00000000000010a8      0x5c0 build/stm32l4xx_hal_uart.o
 .debug_frame   0x0000000000001668      0x274 build/stm32l4xx_hal.o
 .debug_frame   0x00000000000018dc      0x18c build/stm32l4xx_hal_rcc.o
 .debug_frame   0x0000000000001a68      0x25c build/stm32l4xx_hal_rcc_ex.o
 .debug_frame   0x0000000000001cc4       0xd0 build/stm32l4xx_hal_gpio.o
 .debug_frame   0x0000000000001d94      0x248 build/stm32l4xx_hal_pwr_ex.o
 .debug_frame   0x0000000000001fdc      0x148 build/stm32l4xx_hal_cortex.o
 .debug_frame   0x0000000000002124       0x30 build/system_stm32l4xx.o
 .debug_frame   0x0000000000002154       0x30 build/gpio.o
 .debug_frame   0x0000000000002184       0x90 build/usart.o
 .debug_frame   0x0000000000002214       0x64 build/tim.o
 .debug_frame   0x0000000000002278       0x54 build/ts.o
 .debug_frame   0x00000000000022cc       0x88 build/watchdog.o
 .debug_frame   0x0000000000002354       0x58 build/main.o
 .debug_frame   0x00000000000023ac       0x54 build/init.o
 .debug_frame   0x0000000000002400       0x20 /usr/lib/gcc/arm-none-eabi/11.2.0/../../../../arm-none-eabi/lib/thumb/v7e-m+fp/hard/libc.a(lib_a-atexit.o)
 .debug_frame   0x0000000000002420       0x34 /usr/lib/gcc/arm-none-eabi/11.2.0/../../../../arm-none-eabi/lib/thumb/v7e-m+fp/hard/libc.a(lib_a-fini.o)
 .debug_frame   0x0000000000002454       0x2c /usr/lib/gcc/arm-none-eabi/11.2.0/../../../../arm-none-eabi/lib/thumb/v7e-m+fp/hard/libc.a(lib_a-init.o)
 .debug_frame   0x0000000000002480       0x2c /usr/lib/gcc/arm-none-eabi/11.2.0/../../../../arm-none-eabi/lib/thumb/v7e-m+fp/hard/libc.a(lib_a-memset.o)
 .debug_frame   0x00000000000024ac       0x34 /usr/lib/gcc/arm-none-eabi/11.2.0/../../../../arm-none-eabi/lib/thumb/v7e-m+fp/hard/libc.a(lib_a-__atexit.o)
 .debug_frame   0x00000000000024e0       0x68 /usr/lib/gcc/arm-none-eabi/11.2.0/../../../../arm-none-eabi/lib/thumb/v7e-m+fp/hard/libc.a(lib_a-__call_atexit.o)
 .debug_frame   0x0000000000002548       0xb0 /usr/lib/gcc/arm-none-eabi/11.2.0/../../../../arm-none-eabi/lib/thumb/v7e-m+fp/hard/libc.a(lib_a-lock.o)
 .debug_frame   0x00000000000025f8       0x64 /usr/lib/gcc/arm-none-eabi/11.2.0/../../../../arm-none-eabi/lib/thumb/v7e-m+fp/hard/libc.a(lib_a-reent.o)
 .debug_frame   0x000000000000265c       0x2c /usr/lib/gcc/arm-none-eabi/11.2.0/thumb/v7e-m+fp/hard/libgcc.a(_aeabi_uldivmod.o)
 .debug_frame   0x0000000000002688       0x34 /usr/lib/gcc/arm-none-eabi/11.2.0/thumb/v7e-m+fp/hard/libgcc.a(_udivmoddi4.o)
 .debug_frame   0x00000000000026bc      0x2b8 /usr/lib/gcc/arm-none-eabi/11.2.0/thumb/v7e-m+fp/hard/libgcc.a(unwind-arm.o)
 .debug_frame   0x0000000000002974       0xec /usr/lib/gcc/arm-none-eabi/11.2.0/thumb/v7e-m+fp/hard/libgcc.a(pr-support.o)
 .debug_frame   0x0000000000002a60       0x28 /usr/lib/gcc/arm-none-eabi/11.2.0/../../../../arm-none-eabi/lib/thumb/v7e-m+fp/hard/libc.a(lib_a-abort.o)
 .debug_frame   0x0000000000002a88      0x114 /usr/lib/gcc/arm-none-eabi/11.2.0/../../../../arm-none-eabi/lib/thumb/v7e-m+fp/hard/libc.a(lib_a-signal.o)
 .debug_frame   0x0000000000002b9c       0x3c /usr/lib/gcc/arm-none-eabi/11.2.0/../../../../arm-none-eabi/lib/thumb/v7e-m+fp/hard/libc.a(lib_a-signalr.o)
 .debug_frame   0x0000000000002bd8       0x20 /usr/lib/gcc/arm-none-eabi/11.2.0/../../../../arm-none-eabi/lib/thumb/v7e-m+fp/hard/libnosys.a(getpid.o)
 .debug_frame   0x0000000000002bf8       0x20 /usr/lib/gcc/arm-none-eabi/11.2.0/../../../../arm-none-eabi/lib/thumb/v7e-m+fp/hard/libnosys.a(kill.o)
 .debug_frame   0x0000000000002c18       0x20 /usr/lib/gcc/arm-none-eabi/11.2.0/../../../../arm-none-eabi/lib/thumb/v7e-m+fp/hard/libnosys.a(_exit.o)

.debug_line_str
                0x0000000000000000       0x5a
 .debug_line_str
                0x0000000000000000       0x42 /usr/lib/gcc/arm-none-eabi/11.2.0/thumb/v7e-m+fp/hard/libgcc.a(_aeabi_uldivmod.o)
                                         0x84 (size before relaxing)
 .debug_line_str
                0x0000000000000042        0xc /usr/lib/gcc/arm-none-eabi/11.2.0/thumb/v7e-m+fp/hard/libgcc.a(libunwind.o)
                                         0x8c (size before relaxing)
 .debug_line_str
                0x000000000000004e        0xc /usr/lib/gcc/arm-none-eabi/11.2.0/thumb/v7e-m+fp/hard/libgcc.a(_dvmd_tls.o)
                                         0x8c (size before relaxing)

.debug_loclists
                0x0000000000000000     0x1a62
 .debug_loclists
                0x0000000000000000      0x81d /usr/lib/gcc/arm-none-eabi/11.2.0/thumb/v7e-m+fp/hard/libgcc.a(_udivmoddi4.o)
 .debug_loclists
                0x000000000000081d      0xedf /usr/lib/gcc/arm-none-eabi/11.2.0/thumb/v7e-m+fp/hard/libgcc.a(unwind-arm.o)
 .debug_loclists
                0x00000000000016fc      0x366 /usr/lib/gcc/arm-none-eabi/11.2.0/thumb/v7e-m+fp/hard/libgcc.a(pr-support.o)

.debug_rnglists
                0x0000000000000000      0x1f6
 .debug_rnglists
                0x0000000000000000       0x71 /usr/lib/gcc/arm-none-eabi/11.2.0/thumb/v7e-m+fp/hard/libgcc.a(_udivmoddi4.o)
 .debug_rnglists
                0x0000000000000071      0x147 /usr/lib/gcc/arm-none-eabi/11.2.0/thumb/v7e-m+fp/hard/libgcc.a(unwind-arm.o)
 .debug_rnglists
                0x00000000000001b8       0x3e /usr/lib/gcc/arm-none-eabi/11.2.0/thumb/v7e-m+fp/hard/libgcc.a(pr-support.o)

.stab           0x0000000000000000       0x3c
 .stab          0x0000000000000000       0x24 /usr/lib/gcc/arm-none-eabi/11.2.0/../../../../arm-none-eabi/lib/thumb/v7e-m+fp/hard/libnosys.a(getpid.o)
 .stab          0x0000000000000024       0x18 /usr/lib/gcc/arm-none-eabi/11.2.0/../../../../arm-none-eabi/lib/thumb/v7e-m+fp/hard/libnosys.a(kill.o)
                                         0x24 (size before relaxing)

.stabstr        0x0000000000000000       0x76
 .stabstr       0x0000000000000000       0x76 /usr/lib/gcc/arm-none-eabi/11.2.0/../../../../arm-none-eabi/lib/thumb/v7e-m+fp/hard/libnosys.a(getpid.o)

Cross Reference Table

Symbol                                            File
ADC1_IRQHandler                                   build/startup_stm32l452xx.o
AHBPrescTable                                     build/system_stm32l4xx.o
                                                  build/stm32l4xx_hal_rcc.o
APBPrescTable                                     build/system_stm32l4xx.o
                                                  build/stm32l4xx_hal_rcc.o
BusFault_Handler                                  build/stm32l4xx_it.o
CAN1_RX0_IRQHandler                               build/startup_stm32l452xx.o
CAN1_RX1_IRQHandler                               build/startup_stm32l452xx.o
CAN1_SCE_IRQHandler                               build/startup_stm32l452xx.o
CAN1_TX_IRQHandler                                build/startup_stm32l452xx.o
COMP_IRQHandler                                   build/startup_stm32l452xx.o
CRS_IRQHandler                                    build/startup_stm32l452xx.o
DFSDM1_FLT0_IRQHandler                            build/startup_stm32l452xx.o
DFSDM1_FLT1_IRQHandler                            build/startup_stm32l452xx.o
DMA1_Channel1_IRQHandler                          build/startup_stm32l452xx.o
DMA1_Channel2_IRQHandler                          build/startup_stm32l452xx.o
DMA1_Channel3_IRQHandler                          build/startup_stm32l452xx.o
DMA1_Channel4_IRQHandler                          build/startup_stm32l452xx.o
DMA1_Channel5_IRQHandler                          build/startup_stm32l452xx.o
DMA1_Channel6_IRQHandler                          build/startup_stm32l452xx.o
DMA1_Channel7_IRQHandler                          build/startup_stm32l452xx.o
DMA2_Channel1_IRQHandler                          build/startup_stm32l452xx.o
DMA2_Channel2_IRQHandler                          build/startup_stm32l452xx.o
DMA2_Channel3_IRQHandler                          build/startup_stm32l452xx.o
DMA2_Channel4_IRQHandler                          build/startup_stm32l452xx.o
DMA2_Channel5_IRQHandler                          build/startup_stm32l452xx.o
DMA2_Channel6_IRQHandler                          build/startup_stm32l452xx.o
DMA2_Channel7_IRQHandler                          build/startup_stm32l452xx.o
DebugMon_Handler                                  build/stm32l4xx_it.o
Default_Handler                                   build/startup_stm32l452xx.o
EXTI0_IRQHandler                                  build/startup_stm32l452xx.o
EXTI15_10_IRQHandler                              build/startup_stm32l452xx.o
EXTI1_IRQHandler                                  build/startup_stm32l452xx.o
EXTI2_IRQHandler                                  build/startup_stm32l452xx.o
EXTI3_IRQHandler                                  build/startup_stm32l452xx.o
EXTI4_IRQHandler                                  build/startup_stm32l452xx.o
EXTI9_5_IRQHandler                                build/startup_stm32l452xx.o
Error_Handler                                     build/main.o
                                                  build/tim.o
                                                  build/usart.o
FLASH_FlushCaches                                 build/stm32l4xx_hal_flash_ex.o
                                                  build/stm32l4xx_hal_flash.o
FLASH_IRQHandler                                  build/startup_stm32l452xx.o
FLASH_PageErase                                   build/stm32l4xx_hal_flash_ex.o
                                                  build/stm32l4xx_hal_flash.o
FLASH_WaitForLastOperation                        build/stm32l4xx_hal_flash.o
                                                  build/stm32l4xx_hal_flash_ex.o
FPU_IRQHandler                                    build/startup_stm32l452xx.o
HAL_DBGMCU_DisableDBGSleepMode                    build/stm32l4xx_hal.o
HAL_DBGMCU_DisableDBGStandbyMode                  build/stm32l4xx_hal.o
HAL_DBGMCU_DisableDBGStopMode                     build/stm32l4xx_hal.o
HAL_DBGMCU_EnableDBGSleepMode                     build/stm32l4xx_hal.o
HAL_DBGMCU_EnableDBGStandbyMode                   build/stm32l4xx_hal.o
HAL_DBGMCU_EnableDBGStopMode                      build/stm32l4xx_hal.o
HAL_DMA_Abort                                     build/stm32l4xx_hal_dma.o
                                                  build/stm32l4xx_hal_uart.o
HAL_DMA_Abort_IT                                  build/stm32l4xx_hal_dma.o
                                                  build/stm32l4xx_hal_i2c.o
                                                  build/stm32l4xx_hal_uart.o
                                                  build/stm32l4xx_hal_tim_ex.o
                                                  build/stm32l4xx_hal_tim.o
HAL_DMA_DeInit                                    build/stm32l4xx_hal_dma.o
HAL_DMA_GetError                                  build/stm32l4xx_hal_dma.o
                                                  build/stm32l4xx_hal_uart.o
HAL_DMA_GetState                                  build/stm32l4xx_hal_dma.o
                                                  build/stm32l4xx_hal_i2c.o
HAL_DMA_IRQHandler                                build/stm32l4xx_hal_dma.o
HAL_DMA_Init                                      build/stm32l4xx_hal_dma.o
HAL_DMA_PollForTransfer                           build/stm32l4xx_hal_dma.o
HAL_DMA_RegisterCallback                          build/stm32l4xx_hal_dma.o
HAL_DMA_Start                                     build/stm32l4xx_hal_dma.o
HAL_DMA_Start_IT                                  build/stm32l4xx_hal_dma.o
                                                  build/stm32l4xx_hal_i2c.o
                                                  build/stm32l4xx_hal_uart.o
                                                  build/stm32l4xx_hal_tim_ex.o
                                                  build/stm32l4xx_hal_tim.o
HAL_DMA_UnRegisterCallback                        build/stm32l4xx_hal_dma.o
HAL_DeInit                                        build/stm32l4xx_hal.o
HAL_Delay                                         build/stm32l4xx_hal.o
HAL_EXTI_ClearConfigLine                          build/stm32l4xx_hal_exti.o
HAL_EXTI_ClearPending                             build/stm32l4xx_hal_exti.o
HAL_EXTI_GenerateSWI                              build/stm32l4xx_hal_exti.o
HAL_EXTI_GetConfigLine                            build/stm32l4xx_hal_exti.o
HAL_EXTI_GetHandle                                build/stm32l4xx_hal_exti.o
HAL_EXTI_GetPending                               build/stm32l4xx_hal_exti.o
HAL_EXTI_IRQHandler                               build/stm32l4xx_hal_exti.o
HAL_EXTI_RegisterCallback                         build/stm32l4xx_hal_exti.o
HAL_EXTI_SetConfigLine                            build/stm32l4xx_hal_exti.o
HAL_FLASHEx_DisableRunPowerDown                   build/stm32l4xx_hal_flash_ramfunc.o
HAL_FLASHEx_EnableRunPowerDown                    build/stm32l4xx_hal_flash_ramfunc.o
HAL_FLASHEx_Erase                                 build/stm32l4xx_hal_flash_ex.o
HAL_FLASHEx_Erase_IT                              build/stm32l4xx_hal_flash_ex.o
HAL_FLASHEx_OBGetConfig                           build/stm32l4xx_hal_flash_ex.o
HAL_FLASHEx_OBProgram                             build/stm32l4xx_hal_flash_ex.o
HAL_FLASH_EndOfOperationCallback                  build/stm32l4xx_hal_flash.o
HAL_FLASH_GetError                                build/stm32l4xx_hal_flash.o
HAL_FLASH_IRQHandler                              build/stm32l4xx_hal_flash.o
HAL_FLASH_Lock                                    build/stm32l4xx_hal_flash.o
HAL_FLASH_OB_Launch                               build/stm32l4xx_hal_flash.o
HAL_FLASH_OB_Lock                                 build/stm32l4xx_hal_flash.o
HAL_FLASH_OB_Unlock                               build/stm32l4xx_hal_flash.o
HAL_FLASH_OperationErrorCallback                  build/stm32l4xx_hal_flash.o
HAL_FLASH_Program                                 build/stm32l4xx_hal_flash.o
HAL_FLASH_Program_IT                              build/stm32l4xx_hal_flash.o
HAL_FLASH_Unlock                                  build/stm32l4xx_hal_flash.o
HAL_GPIO_DeInit                                   build/stm32l4xx_hal_gpio.o
                                                  build/usart.o
HAL_GPIO_EXTI_Callback                            build/stm32l4xx_hal_gpio.o
HAL_GPIO_EXTI_IRQHandler                          build/stm32l4xx_hal_gpio.o
HAL_GPIO_Init                                     build/stm32l4xx_hal_gpio.o
                                                  build/usart.o
                                                  build/gpio.o
                                                  build/stm32l4xx_hal_rcc_ex.o
                                                  build/stm32l4xx_hal_rcc.o
HAL_GPIO_LockPin                                  build/stm32l4xx_hal_gpio.o
HAL_GPIO_ReadPin                                  build/stm32l4xx_hal_gpio.o
HAL_GPIO_TogglePin                                build/stm32l4xx_hal_gpio.o
HAL_GPIO_WritePin                                 build/stm32l4xx_hal_gpio.o
                                                  build/gpio.o
HAL_GetDEVID                                      build/stm32l4xx_hal.o
HAL_GetHalVersion                                 build/stm32l4xx_hal.o
HAL_GetREVID                                      build/stm32l4xx_hal.o
HAL_GetTick                                       build/stm32l4xx_hal.o
                                                  build/init.o
                                                  build/stm32l4xx_hal_dma.o
                                                  build/stm32l4xx_hal_flash.o
                                                  build/stm32l4xx_hal_rcc_ex.o
                                                  build/stm32l4xx_hal_rcc.o
                                                  build/stm32l4xx_hal_i2c.o
                                                  build/stm32l4xx_hal_uart_ex.o
                                                  build/stm32l4xx_hal_uart.o
HAL_GetTickFreq                                   build/stm32l4xx_hal.o
HAL_GetTickPrio                                   build/stm32l4xx_hal.o
HAL_GetUIDw0                                      build/stm32l4xx_hal.o
HAL_GetUIDw1                                      build/stm32l4xx_hal.o
HAL_GetUIDw2                                      build/stm32l4xx_hal.o
HAL_HalfDuplex_EnableReceiver                     build/stm32l4xx_hal_uart.o
HAL_HalfDuplex_EnableTransmitter                  build/stm32l4xx_hal_uart.o
HAL_HalfDuplex_Init                               build/stm32l4xx_hal_uart.o
HAL_I2CEx_ConfigAnalogFilter                      build/stm32l4xx_hal_i2c_ex.o
HAL_I2CEx_ConfigDigitalFilter                     build/stm32l4xx_hal_i2c_ex.o
HAL_I2CEx_DisableFastModePlus                     build/stm32l4xx_hal_i2c_ex.o
HAL_I2CEx_DisableWakeUp                           build/stm32l4xx_hal_i2c_ex.o
HAL_I2CEx_EnableFastModePlus                      build/stm32l4xx_hal_i2c_ex.o
HAL_I2CEx_EnableWakeUp                            build/stm32l4xx_hal_i2c_ex.o
HAL_I2C_AbortCpltCallback                         build/stm32l4xx_hal_i2c.o
HAL_I2C_AddrCallback                              build/stm32l4xx_hal_i2c.o
HAL_I2C_DeInit                                    build/stm32l4xx_hal_i2c.o
HAL_I2C_DisableListen_IT                          build/stm32l4xx_hal_i2c.o
HAL_I2C_ER_IRQHandler                             build/stm32l4xx_hal_i2c.o
HAL_I2C_EV_IRQHandler                             build/stm32l4xx_hal_i2c.o
HAL_I2C_EnableListen_IT                           build/stm32l4xx_hal_i2c.o
HAL_I2C_ErrorCallback                             build/stm32l4xx_hal_i2c.o
HAL_I2C_GetError                                  build/stm32l4xx_hal_i2c.o
HAL_I2C_GetMode                                   build/stm32l4xx_hal_i2c.o
HAL_I2C_GetState                                  build/stm32l4xx_hal_i2c.o
HAL_I2C_Init                                      build/stm32l4xx_hal_i2c.o
HAL_I2C_IsDeviceReady                             build/stm32l4xx_hal_i2c.o
HAL_I2C_ListenCpltCallback                        build/stm32l4xx_hal_i2c.o
HAL_I2C_MasterRxCpltCallback                      build/stm32l4xx_hal_i2c.o
HAL_I2C_MasterTxCpltCallback                      build/stm32l4xx_hal_i2c.o
HAL_I2C_Master_Abort_IT                           build/stm32l4xx_hal_i2c.o
HAL_I2C_Master_Receive                            build/stm32l4xx_hal_i2c.o
HAL_I2C_Master_Receive_DMA                        build/stm32l4xx_hal_i2c.o
HAL_I2C_Master_Receive_IT                         build/stm32l4xx_hal_i2c.o
HAL_I2C_Master_Seq_Receive_DMA                    build/stm32l4xx_hal_i2c.o
HAL_I2C_Master_Seq_Receive_IT                     build/stm32l4xx_hal_i2c.o
HAL_I2C_Master_Seq_Transmit_DMA                   build/stm32l4xx_hal_i2c.o
HAL_I2C_Master_Seq_Transmit_IT                    build/stm32l4xx_hal_i2c.o
HAL_I2C_Master_Transmit                           build/stm32l4xx_hal_i2c.o
HAL_I2C_Master_Transmit_DMA                       build/stm32l4xx_hal_i2c.o
HAL_I2C_Master_Transmit_IT                        build/stm32l4xx_hal_i2c.o
HAL_I2C_MemRxCpltCallback                         build/stm32l4xx_hal_i2c.o
HAL_I2C_MemTxCpltCallback                         build/stm32l4xx_hal_i2c.o
HAL_I2C_Mem_Read                                  build/stm32l4xx_hal_i2c.o
HAL_I2C_Mem_Read_DMA                              build/stm32l4xx_hal_i2c.o
HAL_I2C_Mem_Read_IT                               build/stm32l4xx_hal_i2c.o
HAL_I2C_Mem_Write                                 build/stm32l4xx_hal_i2c.o
HAL_I2C_Mem_Write_DMA                             build/stm32l4xx_hal_i2c.o
HAL_I2C_Mem_Write_IT                              build/stm32l4xx_hal_i2c.o
HAL_I2C_MspDeInit                                 build/stm32l4xx_hal_i2c.o
HAL_I2C_MspInit                                   build/stm32l4xx_hal_i2c.o
HAL_I2C_SlaveRxCpltCallback                       build/stm32l4xx_hal_i2c.o
HAL_I2C_SlaveTxCpltCallback                       build/stm32l4xx_hal_i2c.o
HAL_I2C_Slave_Receive                             build/stm32l4xx_hal_i2c.o
HAL_I2C_Slave_Receive_DMA                         build/stm32l4xx_hal_i2c.o
HAL_I2C_Slave_Receive_IT                          build/stm32l4xx_hal_i2c.o
HAL_I2C_Slave_Seq_Receive_DMA                     build/stm32l4xx_hal_i2c.o
HAL_I2C_Slave_Seq_Receive_IT                      build/stm32l4xx_hal_i2c.o
HAL_I2C_Slave_Seq_Transmit_DMA                    build/stm32l4xx_hal_i2c.o
HAL_I2C_Slave_Seq_Transmit_IT                     build/stm32l4xx_hal_i2c.o
HAL_I2C_Slave_Transmit                            build/stm32l4xx_hal_i2c.o
HAL_I2C_Slave_Transmit_DMA                        build/stm32l4xx_hal_i2c.o
HAL_I2C_Slave_Transmit_IT                         build/stm32l4xx_hal_i2c.o
HAL_IncTick                                       build/stm32l4xx_hal.o
                                                  build/stm32l4xx_it.o
HAL_Init                                          build/stm32l4xx_hal.o
                                                  build/main.o
HAL_InitTick                                      build/stm32l4xx_hal.o
                                                  build/stm32l4xx_hal_rcc.o
HAL_LIN_Init                                      build/stm32l4xx_hal_uart.o
HAL_LIN_SendBreak                                 build/stm32l4xx_hal_uart.o
HAL_MPU_ConfigRegion                              build/stm32l4xx_hal_cortex.o
HAL_MPU_Disable                                   build/stm32l4xx_hal_cortex.o
HAL_MPU_Enable                                    build/stm32l4xx_hal_cortex.o
HAL_MspDeInit                                     build/stm32l4xx_hal.o
HAL_MspInit                                       build/stm32l4xx_hal_msp.o
HAL_MultiProcessorEx_AddressLength_Set            build/stm32l4xx_hal_uart_ex.o
HAL_MultiProcessor_DisableMuteMode                build/stm32l4xx_hal_uart.o
HAL_MultiProcessor_EnableMuteMode                 build/stm32l4xx_hal_uart.o
HAL_MultiProcessor_EnterMuteMode                  build/stm32l4xx_hal_uart.o
HAL_MultiProcessor_Init                           build/stm32l4xx_hal_uart.o
HAL_NVIC_ClearPendingIRQ                          build/stm32l4xx_hal_cortex.o
HAL_NVIC_DisableIRQ                               build/stm32l4xx_hal_cortex.o
                                                  build/tim.o
HAL_NVIC_EnableIRQ                                build/stm32l4xx_hal_cortex.o
                                                  build/tim.o
HAL_NVIC_GetActive                                build/stm32l4xx_hal_cortex.o
HAL_NVIC_GetPendingIRQ                            build/stm32l4xx_hal_cortex.o
HAL_NVIC_GetPriority                              build/stm32l4xx_hal_cortex.o
HAL_NVIC_GetPriorityGrouping                      build/stm32l4xx_hal_cortex.o
HAL_NVIC_SetPendingIRQ                            build/stm32l4xx_hal_cortex.o
HAL_NVIC_SetPriority                              build/stm32l4xx_hal_cortex.o
                                                  build/tim.o
                                                  build/stm32l4xx_hal.o
HAL_NVIC_SetPriorityGrouping                      build/stm32l4xx_hal_cortex.o
                                                  build/stm32l4xx_hal.o
HAL_NVIC_SystemReset                              build/stm32l4xx_hal_cortex.o
HAL_PWREx_ConfigPVM                               build/stm32l4xx_hal_pwr_ex.o
HAL_PWREx_ControlVoltageScaling                   build/stm32l4xx_hal_pwr_ex.o
                                                  build/main.o
HAL_PWREx_DisableBatteryCharging                  build/stm32l4xx_hal_pwr_ex.o
HAL_PWREx_DisableGPIOPullDown                     build/stm32l4xx_hal_pwr_ex.o
HAL_PWREx_DisableGPIOPullUp                       build/stm32l4xx_hal_pwr_ex.o
HAL_PWREx_DisableInternalWakeUpLine               build/stm32l4xx_hal_pwr_ex.o
HAL_PWREx_DisableLowPowerRunMode                  build/stm32l4xx_hal_pwr_ex.o
                                                  build/stm32l4xx_hal_pwr.o
HAL_PWREx_DisablePVM1                             build/stm32l4xx_hal_pwr_ex.o
HAL_PWREx_DisablePVM3                             build/stm32l4xx_hal_pwr_ex.o
HAL_PWREx_DisablePVM4                             build/stm32l4xx_hal_pwr_ex.o
HAL_PWREx_DisablePullUpPullDownConfig             build/stm32l4xx_hal_pwr_ex.o
HAL_PWREx_DisableSRAM2ContentRetention            build/stm32l4xx_hal_pwr_ex.o
HAL_PWREx_DisableVddUSB                           build/stm32l4xx_hal_pwr_ex.o
HAL_PWREx_EnableBatteryCharging                   build/stm32l4xx_hal_pwr_ex.o
HAL_PWREx_EnableGPIOPullDown                      build/stm32l4xx_hal_pwr_ex.o
HAL_PWREx_EnableGPIOPullUp                        build/stm32l4xx_hal_pwr_ex.o
HAL_PWREx_EnableInternalWakeUpLine                build/stm32l4xx_hal_pwr_ex.o
HAL_PWREx_EnableLowPowerRunMode                   build/stm32l4xx_hal_pwr_ex.o
                                                  build/stm32l4xx_hal_pwr.o
HAL_PWREx_EnablePVM1                              build/stm32l4xx_hal_pwr_ex.o
HAL_PWREx_EnablePVM3                              build/stm32l4xx_hal_pwr_ex.o
HAL_PWREx_EnablePVM4                              build/stm32l4xx_hal_pwr_ex.o
HAL_PWREx_EnablePullUpPullDownConfig              build/stm32l4xx_hal_pwr_ex.o
HAL_PWREx_EnableSRAM2ContentRetention             build/stm32l4xx_hal_pwr_ex.o
HAL_PWREx_EnableVddUSB                            build/stm32l4xx_hal_pwr_ex.o
HAL_PWREx_EnterSHUTDOWNMode                       build/stm32l4xx_hal_pwr_ex.o
HAL_PWREx_EnterSTOP0Mode                          build/stm32l4xx_hal_pwr_ex.o
                                                  build/stm32l4xx_hal_pwr.o
HAL_PWREx_EnterSTOP1Mode                          build/stm32l4xx_hal_pwr_ex.o
                                                  build/stm32l4xx_hal_pwr.o